Archive member included to satisfy reference by file (symbol)

libbb/lib.a(appletlib.o)      /home/anshul/aesd/FinalProject_Buildroot_Client/assignment-5-Anshul-99/buildroot/output/host/arm-buildroot-linux-uclibcgnueabihf/sysroot/usr/lib/crt1.o (main)
libbb/lib.a(compare_string_array.o)
                              libbb/lib.a(appletlib.o) (is_prefixed_with)
libbb/lib.a(concat_path_file.o)
                              libbb/lib.a(appletlib.o) (concat_path_file)
libbb/lib.a(default_error_retval.o)
                              libbb/lib.a(appletlib.o) (xfunc_error_retval)
libbb/lib.a(get_last_path_component.o)
                              libbb/lib.a(appletlib.o) (bb_basename)
libbb/lib.a(last_char_is.o)   libbb/lib.a(concat_path_file.o) (last_char_is)
libbb/lib.a(messages.o)       libbb/lib.a(appletlib.o) (bb_busybox_exec_path)
libbb/lib.a(perror_msg.o)     libbb/lib.a(appletlib.o) (bb_simple_perror_msg)
libbb/lib.a(ptr_to_globals.o)
                              libbb/lib.a(appletlib.o) (bb_errno)
libbb/lib.a(verror_msg.o)     libbb/lib.a(perror_msg.o) (bb_verror_msg)
libbb/lib.a(xfunc_die.o)      libbb/lib.a(appletlib.o) (xfunc_die)
libbb/lib.a(xfuncs.o)         libbb/lib.a(appletlib.o) (full_write1_str)
libbb/lib.a(xfuncs_printf.o)  libbb/lib.a(verror_msg.o) (fflush_all)
libbb/lib.a(xreadlink.o)      libbb/lib.a(appletlib.o) (xmalloc_readlink)
libbb/lib.a(copyfd.o)         libbb/lib.a(xfuncs_printf.o) (bb_copyfd_eof)
libbb/lib.a(full_write.o)     libbb/lib.a(verror_msg.o) (full_write)
libbb/lib.a(read.o)           libbb/lib.a(copyfd.o) (safe_read)
libbb/lib.a(safe_write.o)     libbb/lib.a(full_write.o) (safe_write)
libbb/lib.a(signals.o)        libbb/lib.a(xfuncs_printf.o) (kill_myself_with_sig)
libbb/lib.a(time.o)           libbb/lib.a(xfuncs_printf.o) (monotonic_us)
libbb/lib.a(xgetcwd.o)        libbb/lib.a(xreadlink.o) (xrealloc_getcwd_or_warn)
libbb/lib.a(bb_strtonum.o)    libbb/lib.a(time.o) (bb_strtol)
loginutils/lib.a(addgroup.o)  libbb/lib.a(appletlib.o) (addgroup_main)
loginutils/lib.a(adduser.o)   libbb/lib.a(appletlib.o) (adduser_main)
loginutils/lib.a(cryptpw.o)   libbb/lib.a(appletlib.o) (cryptpw_main)
loginutils/lib.a(deluser.o)   libbb/lib.a(appletlib.o) (deluser_main)
loginutils/lib.a(getty.o)     libbb/lib.a(appletlib.o) (getty_main)
loginutils/lib.a(login.o)     libbb/lib.a(appletlib.o) (login_main)
loginutils/lib.a(passwd.o)    libbb/lib.a(appletlib.o) (passwd_main)
loginutils/lib.a(su.o)        libbb/lib.a(appletlib.o) (su_main)
loginutils/lib.a(sulogin.o)   libbb/lib.a(appletlib.o) (sulogin_main)
loginutils/lib.a(vlock.o)     libbb/lib.a(appletlib.o) (vlock_main)
miscutils/lib.a(bc.o)         libbb/lib.a(appletlib.o) (bc_main)
miscutils/lib.a(crond.o)      libbb/lib.a(appletlib.o) (crond_main)
miscutils/lib.a(crontab.o)    libbb/lib.a(appletlib.o) (crontab_main)
miscutils/lib.a(devmem.o)     libbb/lib.a(appletlib.o) (devmem_main)
miscutils/lib.a(hdparm.o)     libbb/lib.a(appletlib.o) (hdparm_main)
miscutils/lib.a(hexedit.o)    libbb/lib.a(appletlib.o) (hexedit_main)
miscutils/lib.a(i2c_tools.o)  libbb/lib.a(appletlib.o) (i2cget_main)
miscutils/lib.a(less.o)       libbb/lib.a(appletlib.o) (less_main)
miscutils/lib.a(lsscsi.o)     libbb/lib.a(appletlib.o) (lsscsi_main)
miscutils/lib.a(makedevs.o)   libbb/lib.a(appletlib.o) (makedevs_main)
miscutils/lib.a(microcom.o)   libbb/lib.a(appletlib.o) (microcom_main)
miscutils/lib.a(mt.o)         libbb/lib.a(appletlib.o) (mt_main)
miscutils/lib.a(partprobe.o)  libbb/lib.a(appletlib.o) (partprobe_main)
miscutils/lib.a(runlevel.o)   libbb/lib.a(appletlib.o) (runlevel_main)
miscutils/lib.a(setfattr.o)   libbb/lib.a(appletlib.o) (setfattr_main)
miscutils/lib.a(setserial.o)  libbb/lib.a(appletlib.o) (setserial_main)
miscutils/lib.a(strings.o)    libbb/lib.a(appletlib.o) (strings_main)
miscutils/lib.a(time.o)       libbb/lib.a(appletlib.o) (time_main)
miscutils/lib.a(ts.o)         libbb/lib.a(appletlib.o) (ts_main)
miscutils/lib.a(ubirename.o)  libbb/lib.a(appletlib.o) (ubirename_main)
miscutils/lib.a(watchdog.o)   libbb/lib.a(appletlib.o) (watchdog_main)
modutils/lib.a(insmod.o)      libbb/lib.a(appletlib.o) (insmod_main)
modutils/lib.a(lsmod.o)       libbb/lib.a(appletlib.o) (lsmod_main)
modutils/lib.a(modprobe.o)    libbb/lib.a(appletlib.o) (modprobe_main)
modutils/lib.a(modutils.o)    modutils/lib.a(modprobe.o) (replace)
modutils/lib.a(rmmod.o)       libbb/lib.a(appletlib.o) (rmmod_main)
networking/lib.a(arp.o)       libbb/lib.a(appletlib.o) (arp_main)
networking/lib.a(arping.o)    libbb/lib.a(appletlib.o) (arping_main)
networking/lib.a(dnsd.o)      libbb/lib.a(appletlib.o) (dnsd_main)
networking/lib.a(ether-wake.o)
                              libbb/lib.a(appletlib.o) (ether_wake_main)
networking/lib.a(hostname.o)  libbb/lib.a(appletlib.o) (hostname_main)
networking/lib.a(ifconfig.o)  libbb/lib.a(appletlib.o) (ifconfig_main)
networking/lib.a(ifupdown.o)  libbb/lib.a(appletlib.o) (ifupdown_main)
[...]
Memory Configuration

Name             Origin             Length             Attributes
*default*        0x0000000000000000 0xffffffffffffffff

Linker script and memory map

LOAD /home/anshul/aesd/FinalProject_Buildroot_Client/assignment-5-Anshul-99/buildroot/output/host/arm-buildroot-linux-uclibcgnueabihf/sysroot/usr/lib/crt1.o
LOAD /home/anshul/aesd/FinalProject_Buildroot_Client/assignment-5-Anshul-99/buildroot/output/host/arm-buildroot-linux-uclibcgnueabihf/sysroot/usr/lib/crti.o
LOAD /home/anshul/aesd/FinalProject_Buildroot_Client/assignment-5-Anshul-99/buildroot/output/host/lib/gcc/arm-buildroot-linux-uclibcgnueabihf/9.4.0/crtbegin.o
START GROUP
LOAD applets/built-in.o
LOAD archival/lib.a
LOAD archival/libarchive/lib.a
LOAD console-tools/lib.a
LOAD coreutils/lib.a
LOAD coreutils/libcoreutils/lib.a
LOAD debianutils/lib.a
LOAD klibc-utils/lib.a
LOAD e2fsprogs/lib.a
LOAD editors/lib.a
LOAD findutils/lib.a
LOAD init/lib.a
LOAD libbb/lib.a
LOAD libpwdgrp/lib.a
LOAD loginutils/lib.a
LOAD mailutils/lib.a
LOAD miscutils/lib.a
LOAD modutils/lib.a
LOAD networking/lib.a
LOAD networking/libiproute/lib.a
LOAD networking/udhcp/lib.a
LOAD printutils/lib.a
LOAD procps/lib.a
LOAD runit/lib.a
LOAD selinux/lib.a
LOAD shell/lib.a
LOAD sysklogd/lib.a
LOAD util-linux/lib.a
LOAD util-linux/volume_id/lib.a
LOAD archival/built-in.o
LOAD archival/libarchive/built-in.o
LOAD console-tools/built-in.o
LOAD coreutils/built-in.o
LOAD coreutils/libcoreutils/built-in.o
LOAD debianutils/built-in.o
LOAD klibc-utils/built-in.o
LOAD e2fsprogs/built-in.o
LOAD editors/built-in.o
LOAD findutils/built-in.o
LOAD init/built-in.o
LOAD libbb/built-in.o
LOAD libpwdgrp/built-in.o
LOAD loginutils/built-in.o
LOAD mailutils/built-in.o
LOAD miscutils/built-in.o
LOAD modutils/built-in.o
LOAD networking/built-in.o
LOAD networking/libiproute/built-in.o
LOAD networking/udhcp/built-in.o
LOAD printutils/built-in.o
LOAD procps/built-in.o
LOAD runit/built-in.o
LOAD selinux/built-in.o
LOAD shell/built-in.o
LOAD sysklogd/built-in.o
LOAD util-linux/built-in.o
LOAD util-linux/volume_id/built-in.o
END GROUP
START GROUP
END GROUP
LOAD /home/anshul/aesd/FinalProject_Buildroot_Client/assignment-5-Anshul-99/buildroot/output/host/lib/gcc/arm-buildroot-linux-uclibcgnueabihf/9.4.0/libgcc.a
LOAD /home/anshul/aesd/FinalProject_Buildroot_Client/assignment-5-Anshul-99/buildroot/output/host/lib/gcc/arm-buildroot-linux-uclibcgnueabihf/9.4.0/libgcc_eh.a
LOAD /home/anshul/aesd/FinalProject_Buildroot_Client/assignment-5-Anshul-99/buildroot/output/host/arm-buildroot-linux-uclibcgnueabihf/sysroot/usr/lib/libc.so
START GROUP
LOAD /home/anshul/aesd/FinalProject_Buildroot_Client/assignment-5-Anshul-99/buildroot/output/host/arm-buildroot-linux-uclibcgnueabihf/sysroot/lib/libc.so.1
LOAD /home/anshul/aesd/FinalProject_Buildroot_Client/assignment-5-Anshul-99/buildroot/output/host/arm-buildroot-linux-uclibcgnueabihf/sysroot/usr/lib/uclibc_nonshared.a
LOAD /home/anshul/aesd/FinalProject_Buildroot_Client/assignment-5-Anshul-99/buildroot/output/host/arm-buildroot-linux-uclibcgnueabihf/sysroot/usr/lib/libpthread_nonshared.a
LOAD /home/anshul/aesd/FinalProject_Buildroot_Client/assignment-5-Anshul-99/buildroot/output/host/arm-buildroot-linux-uclibcgnueabihf/sysroot/lib/ld-uClibc.so.1
END GROUP
LOAD /home/anshul/aesd/FinalProject_Buildroot_Client/assignment-5-Anshul-99/buildroot/output/host/lib/gcc/arm-buildroot-linux-uclibcgnueabihf/9.4.0/libgcc.a
LOAD /home/anshul/aesd/FinalProject_Buildroot_Client/assignment-5-Anshul-99/buildroot/output/host/lib/gcc/arm-buildroot-linux-uclibcgnueabihf/9.4.0/libgcc_eh.a
LOAD /home/anshul/aesd/FinalProject_Buildroot_Client/assignment-5-Anshul-99/buildroot/output/host/lib/gcc/arm-buildroot-linux-uclibcgnueabihf/9.4.0/crtend.o
LOAD /home/anshul/aesd/FinalProject_Buildroot_Client/assignment-5-Anshul-99/buildroot/output/host/arm-buildroot-linux-uclibcgnueabihf/sysroot/usr/lib/crtn.o
                [!provide]                        PROVIDE (__executable_start = SEGMENT_START ("text-segment", 0x10000))
                0x0000000000010134                . = (SEGMENT_START ("text-segment", 0x10000) + SIZEOF_HEADERS)

.interp         0x0000000000010134       0x14
 *(SORT_BY_ALIGNMENT(.interp))
 .interp        0x0000000000010134       0x14 /home/anshul/aesd/FinalProject_Buildroot_Client/assignment-5-Anshul-99/buildroot/output/host/arm-buildroot-linux-uclibcgnueabihf/sysroot/usr/lib/crt1.o

.note.gnu.build-id
 *(SORT_BY_ALIGNMENT(.note.gnu.build-id))

.hash           0x0000000000010148      0x9b0
 *(SORT_BY_ALIGNMENT(.hash))
 .hash          0x0000000000010148      0x9b0 /home/anshul/aesd/FinalProject_Buildroot_Client/assignment-5-Anshul-99/buildroot/output/host/arm-buildroot-linux-uclibcgnueabihf/sysroot/usr/lib/crt1.o

.gnu.hash       0x0000000000010af8      0xaac
 *(SORT_BY_ALIGNMENT(.gnu.hash))
 .gnu.hash      0x0000000000010af8      0xaac /home/anshul/aesd/FinalProject_Buildroot_Client/assignment-5-Anshul-99/buildroot/output/host/arm-buildroot-linux-uclibcgnueabihf/sysroot/usr/lib/crt1.o

.dynsym         0x00000000000115a4     0x1630
 *(SORT_BY_ALIGNMENT(.dynsym))
 .dynsym        0x00000000000115a4     0x1630 /home/anshul/aesd/FinalProject_Buildroot_Client/assignment-5-Anshul-99/buildroot/output/host/arm-buildroot-linux-uclibcgnueabihf/sysroot/usr/lib/crt1.o

.dynstr         0x0000000000012bd4      0xbaf
 *(SORT_BY_ALIGNMENT(.dynstr))
 .dynstr        0x0000000000012bd4      0xbaf /home/anshul/aesd/FinalProject_Buildroot_Client/assignment-5-Anshul-99/buildroot/output/host/arm-buildroot-linux-uclibcgnueabihf/sysroot/usr/lib/crt1.o

.gnu.version    0x0000000000013784        0x0
 *(SORT_BY_ALIGNMENT(.gnu.version))
 .gnu.version   0x0000000000013784        0x0 /home/anshul/aesd/FinalProject_Buildroot_Client/assignment-5-Anshul-99/buildroot/output/host/arm-buildroot-linux-uclibcgnueabihf/sysroot/usr/lib/crt1.o

.gnu.version_d  0x0000000000013784        0x0
 *(SORT_BY_ALIGNMENT(.gnu.version_d))
 .gnu.version_d
                0x0000000000013784        0x0 /home/anshul/aesd/FinalProject_Buildroot_Client/assignment-5-Anshul-99/buildroot/output/host/arm-buildroot-linux-uclibcgnueabihf/sysroot/usr/lib/crt1.o

.gnu.version_r  0x0000000000013784        0x0
 *(SORT_BY_ALIGNMENT(.gnu.version_r))
 .gnu.version_r
                0x0000000000013784        0x0 /home/anshul/aesd/FinalProject_Buildroot_Client/assignment-5-Anshul-99/buildroot/output/host/arm-buildroot-linux-uclibcgnueabihf/sysroot/usr/lib/crt1.o

.rel.dyn        0x0000000000013784       0x48
 *(SORT_BY_ALIGNMENT(.rel.init))
 *(SORT_BY_ALIGNMENT(.rel.text) SORT_BY_ALIGNMENT(.rel.text.*) SORT_BY_ALIGNMENT(.rel.gnu.linkonce.t.*))
 *(SORT_BY_ALIGNMENT(.rel.fini))
 *(SORT_BY_ALIGNMENT(.rel.rodata) SORT_BY_ALIGNMENT(.rel.rodata.*) SORT_BY_ALIGNMENT(.rel.gnu.linkonce.r.*))
 *(SORT_BY_ALIGNMENT(.rel.data.rel.ro) SORT_BY_ALIGNMENT(.rel.data.rel.ro.*) SORT_BY_ALIGNMENT(.rel.gnu.linkonce.d.rel.ro.*))
 .rel.data.rel.ro
                0x0000000000013784        0x0 /home/anshul/aesd/FinalProject_Buildroot_Client/assignment-5-Anshul-99/buildroot/output/host/arm-buildroot-linux-uclibcgnueabihf/sysroot/usr/lib/crt1.o
 *(SORT_BY_ALIGNMENT(.rel.data) SORT_BY_ALIGNMENT(.rel.data.*) SORT_BY_ALIGNMENT(.rel.gnu.linkonce.d.*))
 *(SORT_BY_ALIGNMENT(.rel.tdata) SORT_BY_ALIGNMENT(.rel.tdata.*) SORT_BY_ALIGNMENT(.rel.gnu.linkonce.td.*))
 *(SORT_BY_ALIGNMENT(.rel.tbss) SORT_BY_ALIGNMENT(.rel.tbss.*) SORT_BY_ALIGNMENT(.rel.gnu.linkonce.tb.*))
 *(SORT_BY_ALIGNMENT(.rel.ctors))
 *(SORT_BY_ALIGNMENT(.rel.dtors))
 *(SORT_BY_ALIGNMENT(.rel.got))
 .rel.got       0x0000000000013784        0x0 /home/anshul/aesd/FinalProject_Buildroot_Client/assignment-5-Anshul-99/buildroot/output/host/arm-buildroot-linux-uclibcgnueabihf/sysroot/usr/lib/crt1.o
 *(SORT_BY_ALIGNMENT(.rel.bss) SORT_BY_ALIGNMENT(.rel.bss.*) SORT_BY_ALIGNMENT(.rel.gnu.linkonce.b.*))
 .rel.bss       0x0000000000013784       0x48 /home/anshul/aesd/FinalProject_Buildroot_Client/assignment-5-Anshul-99/buildroot/output/host/arm-buildroot-linux-uclibcgnueabihf/sysroot/usr/lib/crt1.o
                [!provide]                        PROVIDE (__rel_iplt_start = .)
 *(SORT_BY_ALIGNMENT(.rel.iplt))
 .rel.iplt      0x00000000000137cc        0x0 /home/anshul/aesd/FinalProject_Buildroot_Client/assignment-5-Anshul-99/buildroot/output/host/arm-buildroot-linux-uclibcgnueabihf/sysroot/usr/lib/crt1.o
                [!provide]                        PROVIDE (__rel_iplt_end = .)

.rela.dyn       0x00000000000137cc        0x0
 *(SORT_BY_ALIGNMENT(.rela.init))
 *(SORT_BY_ALIGNMENT(.rela.text) SORT_BY_ALIGNMENT(.rela.text.*) SORT_BY_ALIGNMENT(.rela.gnu.linkonce.t.*))
 *(SORT_BY_ALIGNMENT(.rela.fini))
 *(SORT_BY_ALIGNMENT(.rela.rodata) SORT_BY_ALIGNMENT(.rela.rodata.*) SORT_BY_ALIGNMENT(.rela.gnu.linkonce.r.*))
 *(SORT_BY_ALIGNMENT(.rela.data) SORT_BY_ALIGNMENT(.rela.data.*) SORT_BY_ALIGNMENT(.rela.gnu.linkonce.d.*))
 *(SORT_BY_ALIGNMENT(.rela.tdata) SORT_BY_ALIGNMENT(.rela.tdata.*) SORT_BY_ALIGNMENT(.rela.gnu.linkonce.td.*))
 *(SORT_BY_ALIGNMENT(.rela.tbss) SORT_BY_ALIGNMENT(.rela.tbss.*) SORT_BY_ALIGNMENT(.rela.gnu.linkonce.tb.*))
 *(SORT_BY_ALIGNMENT(.rela.ctors))
 *(SORT_BY_ALIGNMENT(.rela.dtors))
 *(SORT_BY_ALIGNMENT(.rela.got))
 *(SORT_BY_ALIGNMENT(.rela.bss) SORT_BY_ALIGNMENT(.rela.bss.*) SORT_BY_ALIGNMENT(.rela.gnu.linkonce.b.*))
                [!provide]                        PROVIDE (__rela_iplt_start = .)
 *(SORT_BY_ALIGNMENT(.rela.iplt))
                [!provide]                        PROVIDE (__rela_iplt_end = .)

.rel.plt        0x00000000000137cc      0xac0
 *(SORT_BY_ALIGNMENT(.rel.plt))
 .rel.plt       0x00000000000137cc      0xac0 /home/anshul/aesd/FinalProject_Buildroot_Client/assignment-5-Anshul-99/buildroot/output/host/arm-buildroot-linux-uclibcgnueabihf/sysroot/usr/lib/crt1.o

.rela.plt
 *(SORT_BY_ALIGNMENT(.rela.plt))

.init           0x000000000001428c       0x10
 *(SORT_NONE(.init))
 .init          0x000000000001428c        0xc /home/anshul/aesd/FinalProject_Buildroot_Client/assignment-5-Anshul-99/buildroot/output/host/arm-buildroot-linux-uclibcgnueabihf/sysroot/usr/lib/crti.o
                0x000000000001428c                _init
 .init          0x0000000000014298        0x4 /home/anshul/aesd/FinalProject_Buildroot_Client/assignment-5-Anshul-99/buildroot/output/host/arm-buildroot-linux-uclibcgnueabihf/sysroot/usr/lib/crtn.o

.plt            0x000000000001429c     0x1034
 *(SORT_BY_ALIGNMENT(.plt))
 .plt           0x000000000001429c     0x1034 /home/anshul/aesd/FinalProject_Buildroot_Client/assignment-5-Anshul-99/buildroot/output/host/arm-buildroot-linux-uclibcgnueabihf/sysroot/usr/lib/crt1.o
                0x00000000000142b0                longjmp
                0x00000000000142bc                stpcpy
                0x00000000000142c8                clock_gettime
                0x00000000000142d4                chroot
                0x00000000000142e0                strcpy
                0x00000000000142ec                setrlimit64
                0x00000000000142f8                unsetenv
                0x0000000000014304                mkstemp64
                0x0000000000014310                waitpid
                0x000000000001431c                ioctl
                0x0000000000014328                pututxline
                0x0000000000014334                strtok_r
                0x0000000000014340                getgid
                0x000000000001434c                popen
                0x0000000000014358                sysconf
                0x0000000000014364                printf
                0x0000000000014370                getspnam_r
                0x000000000001437c                cfgetospeed
                0x0000000000014388                recv
                0x0000000000014394                connect
                0x00000000000143a0                ungetc
                0x00000000000143ac                tcgetsid
                0x00000000000143b8                utimes
                0x00000000000143c4                shmctl
                0x00000000000143d0                strerror
                0x00000000000143dc                memrchr
                0x00000000000143e8                strndup
                0x00000000000143f4                geteuid
                0x0000000000014400                lsetxattr
                0x000000000001440c                inet_pton
                0x0000000000014418                stat64
                0x0000000000014424                memmove
                0x0000000000014430                pclose
                0x000000000001443c                getopt_long
                0x0000000000014448                snprintf
                0x0000000000014454                syscall
                0x0000000000014460                munmap
                0x000000000001446c                fileno_unlocked
                0x0000000000014478                sched_getparam
                0x0000000000014484                mknod
                0x0000000000014490                ftello64
                0x000000000001449c                posix_fallocate64
                0x00000000000144a8                getgrgid
                0x00000000000144b4                times
                0x00000000000144c0                statfs64
                0x00000000000144cc                getenv
                0x00000000000144d8                fchmod
                0x00000000000144e4                getegid
                0x00000000000144f0                setutxent
                0x00000000000144fc                setpriority
                0x0000000000014508                getpriority
                0x0000000000014514                personality
                0x0000000000014520                __ns_parserr
                0x000000000001452c                getresuid
                0x0000000000014538                bsearch
                0x0000000000014544                usleep
                0x0000000000014550                execve
                0x000000000001455c                __libc_current_sigrtmax
                0x0000000000014568                semget
                0x0000000000014574                getpid
                0x0000000000014580                lremovexattr
                0x000000000001458c                updwtmpx
                0x0000000000014598                qsort
                0x00000000000145a4                fchown
                0x00000000000145b0                fscanf
                0x00000000000145bc                dirname
                0x00000000000145c8                fcntl64
                0x00000000000145d4                getrlimit64
                0x00000000000145e0                removexattr
                0x00000000000145ec                prctl
                0x00000000000145f8                fchdir
                0x0000000000014604                gnu_dev_major
                0x0000000000014610                memcpy
                0x000000000001461c                setitimer
                0x0000000000014628                setvbuf
                0x0000000000014634                execl
                0x0000000000014640                readlink
                0x000000000001464c                puts
                0x0000000000014658                clock_settime
                0x0000000000014664                dup2
                0x0000000000014670                __libc_current_sigrtmin
                0x000000000001467c                tcflush
                0x0000000000014688                execle
                0x0000000000014694                getuid
                0x00000000000146a0                tcsendbreak
                0x00000000000146ac                semctl
                0x00000000000146b8                system
                0x00000000000146c4                hasmntopt
                0x00000000000146d0                malloc
                0x00000000000146dc                isatty
                0x00000000000146e8                cfgetispeed
                0x00000000000146f4                siglongjmp
                0x0000000000014700                sleep
                0x000000000001470c                sched_setscheduler
                0x0000000000014718                sysinfo
                0x0000000000014724                strtoll
                0x0000000000014730                vsnprintf
                0x000000000001473c                recvfrom
                0x0000000000014748                tcdrain
                0x0000000000014754                pivot_root
                0x0000000000014760                strtoul
                0x000000000001476c                sched_getscheduler
                0x0000000000014778                endutxent
                0x0000000000014784                mktemp
                0x0000000000014790                settimeofday
                0x000000000001479c                rmdir
                0x00000000000147a8                socket
                0x00000000000147b4                select
                0x00000000000147c0                lchown
                0x00000000000147cc                setgroups
                0x00000000000147d8                mempcpy
                0x00000000000147e4                fflush
                0x00000000000147f0                realpath
                0x00000000000147fc                putenv
                0x0000000000014808                sigaddset
                0x0000000000014814                gnu_dev_minor
                0x0000000000014820                clearenv
                0x000000000001482c                chown
                0x0000000000014838                strncasecmp
                0x0000000000014844                setpgid
                0x0000000000014850                freeaddrinfo
                0x000000000001485c                __fgetc_unlocked
                0x0000000000014868                abort
                0x0000000000014874                utmpxname
                0x0000000000014880                gmtime_r
                0x000000000001488c                chmod
                0x0000000000014898                getnameinfo
                0x00000000000148a4                fstat64
                0x00000000000148b0                alarm
                0x00000000000148bc                mlock
                0x00000000000148c8                strtol
                0x00000000000148d4                __sigsetjmp
                0x00000000000148e0                pipe
                0x00000000000148ec                __ns_get16
                0x00000000000148f8                ether_hostton
                0x0000000000014904                getpgrp
                0x0000000000014910                strnlen
                0x000000000001491c                __res_mkquery
                0x0000000000014928                capget
                0x0000000000014934                uname
                0x0000000000014940                accept
                0x000000000001494c                cfsetispeed
                0x0000000000014958                rename
                0x0000000000014964                strrchr
                0x0000000000014970                nanosleep
                0x000000000001497c                strtod
                0x0000000000014988                statvfs64
                0x0000000000014994                write
                0x00000000000149a0                atof
                0x00000000000149ac                fdatasync
                0x00000000000149b8                fprintf
                0x00000000000149c4                kill
                0x00000000000149d0                fputs_unlocked
                0x00000000000149dc                ctime
                0x00000000000149e8                strcat
                0x00000000000149f4                bind
                0x0000000000014a00                getmntent_r
                0x0000000000014a0c                inet_addr
                0x0000000000014a18                vprintf
                0x0000000000014a24                umount2
                0x0000000000014a30                mkfifo
                0x0000000000014a3c                if_nametoindex
                0x0000000000014a54                reboot
                0x0000000000014a60                chdir
                0x0000000000014a6c                initgroups
                0x0000000000014a78                endgrent
                0x0000000000014a84                setsockopt
                0x0000000000014a90                wait3
                0x0000000000014a9c                shmget
                0x0000000000014aa8                cfsetospeed
                0x0000000000014ab4                memchr
                0x0000000000014ac0                swapoff
                0x0000000000014acc                wait
                0x0000000000014ad8                umask
                0x0000000000014ae4                dprintf
                0x0000000000014af0                mktime
                0x0000000000014afc                strcasestr
                0x0000000000014b08                strstr
                0x0000000000014b14                getutxent
                0x0000000000014b20                rand
                0x0000000000014b2c                flock
                0x0000000000014b38                setgid
                0x0000000000014b44                signal
                0x0000000000014b50                read
                0x0000000000014b5c                openlog
                0x0000000000014b68                pread64
                0x0000000000014b74                sendmsg
                0x0000000000014b80                closelog
                0x0000000000014b8c                strncmp
                0x0000000000014b98                getusershell
                0x0000000000014ba4                sethostname
                0x0000000000014bb0                __cmsg_nxthdr
                0x0000000000014bbc                setpgrp
                0x0000000000014bc8                strncpy
                0x0000000000014bd4                unlink
                0x0000000000014be0                sync
                0x0000000000014bec                setenv
                0x0000000000014bf8                freopen64
                0x0000000000014c04                strcasecmp
                0x0000000000014c10                sendto
                0x0000000000014c1c                sched_get_priority_max
                0x0000000000014c28                __ns_get32
                0x0000000000014c34                realloc
                0x0000000000014c40                readdir64
                0x0000000000014c4c                memcmp
                0x0000000000014c58                listen
                0x0000000000014c64                sched_get_priority_min
                0x0000000000014c70                fdopen
                0x0000000000014c7c                fork
                0x0000000000014c88                sscanf
                0x0000000000014c94                execv
                0x0000000000014ca0                setmntent
                0x0000000000014cac                lstat64
                0x0000000000014cb8                execlp
                0x0000000000014cc4                sigaction
                0x0000000000014cd0                __ns_name_uncompress
                0x0000000000014cdc                endmntent
                0x0000000000014ce8                killpg
                0x0000000000014cf4                fread
                0x0000000000014d00                ttyname_r
                0x0000000000014d0c                __uClibc_main
                0x0000000000014d18                getlogin_r
                0x0000000000014d24                strdup
                0x0000000000014d30                inet_aton
                0x0000000000014d3c                strtoull
                0x0000000000014d48                regcomp
                0x0000000000014d54                symlink
                0x0000000000014d60                gettimeofday
                0x0000000000014d6c                getopt
                0x0000000000014d78                localtime
                0x0000000000014d84                memset
                0x0000000000014d90                fnmatch
                0x0000000000014d9c                cfmakeraw
                0x0000000000014da8                getsid
                0x0000000000014db4                srand
                0x0000000000014dc0                clearerr
                0x0000000000014dcc                mallopt
                0x0000000000014dd8                fclose
                0x0000000000014de4                open64
                0x0000000000014df0                inet_ntoa
                0x0000000000014dfc                getppid
                0x0000000000014e08                tcgetattr
                0x0000000000014e14                getservbyport
                0x0000000000014e20                regexec
                0x0000000000014e2c                time
                0x0000000000014e38                opendir
                0x0000000000014e44                getgroups
                0x0000000000014e50                __ns_initparse
                0x0000000000014e5c                msgctl
                0x0000000000014e68                poll
                0x0000000000014e74                sigtimedwait
                0x0000000000014e80                getgrouplist
                0x0000000000014e8c                syslog
                0x0000000000014e98                seteuid
                0x0000000000014ea4                getopt_long_only
                0x0000000000014eb0                mount
                0x0000000000014ebc                strcmp
                0x0000000000014ec8                getpwuid
                0x0000000000014ed4                __h_errno_location
                0x0000000000014ee0                dup
                0x0000000000014eec                swapon
                0x0000000000014ef8                getcwd
                0x0000000000014f04                gethostbyname
                0x0000000000014f10                strsignal
                0x0000000000014f1c                getpwnam
                0x0000000000014f28                getservbyname
                0x0000000000014f34                sprintf
                0x0000000000014f40                ether_aton_r
                0x0000000000014f4c                strcspn
                0x0000000000014f58                cfsetspeed
                0x0000000000014f64                scanf
                0x0000000000014f70                regerror
                0x0000000000014f7c                mmap64
                0x0000000000014f88                vfork
                0x0000000000014f94                sched_getaffinity
                0x0000000000014fa0                strsep
                0x0000000000014fac                setxattr
                0x0000000000014fb8                fsync
                0x0000000000014fc4                hstrerror
                0x0000000000014fd0                localtime_r
                0x0000000000014fdc                getaddrinfo
                0x0000000000014fe8                strftime
                0x0000000000014ff4                sendfile64
                0x0000000000015000                mkdtemp
                0x000000000001500c                getmntent
                0x0000000000015018                fwrite
                0x0000000000015024                access
                0x0000000000015030                strptime
                0x000000000001503c                tcgetpgrp
                0x0000000000015048                __errno_location
                0x0000000000015054                link
                0x0000000000015060                exit
                0x000000000001506c                klogctl
                0x0000000000015078                sigdelset
                0x0000000000015084                setbuf
                0x0000000000015090                inet_ntop
                0x000000000001509c                getresgid
                0x00000000000150a8                getgrnam
                0x00000000000150b4                gnu_dev_makedev
                0x00000000000150c0                atoi
                0x00000000000150cc                _setjmp
                0x00000000000150d8                fgets_unlocked
                0x00000000000150e4                getline
                0x00000000000150f0                _exit
                0x00000000000150fc                strverscmp
                0x0000000000015108                getpwent
                0x0000000000015114                strspn
                0x0000000000015120                munlock
                0x000000000001512c                strlen
                0x0000000000015138                lseek64
                0x0000000000015144                atoll
                0x0000000000015150                regfree
                0x000000000001515c                strchr
                0x0000000000015168                fputs
                0x0000000000015174                execvp
                0x0000000000015180                setsid
                0x000000000001518c                setegid
                0x0000000000015198                capset
                0x00000000000151a4                closedir
                0x00000000000151b0                vasprintf
                0x00000000000151bc                recvmsg
                0x00000000000151c8                strchrnul
                0x00000000000151d4                tzset
                0x00000000000151e0                sched_yield
                0x00000000000151ec                setuid
                0x00000000000151f8                gethostid
                0x0000000000015204                fseeko64
                0x0000000000015210                tcsetattr
                0x000000000001521c                mkdir
                0x0000000000015234                msgget
                0x0000000000015240                close
                0x000000000001524c                vfprintf
                0x0000000000015258                strpbrk
                0x0000000000015264                tcsetpgrp
                0x0000000000015270                sigsuspend
                0x000000000001527c                raise
                0x0000000000015288                free
                0x0000000000015294                sigprocmask
                0x00000000000152a0                __fputc_unlocked
                0x00000000000152ac                getsockname
                0x00000000000152b8                fopen64
                0x00000000000152c4                ftruncate64

.iplt           0x00000000000152d0        0x0
 *(SORT_BY_ALIGNMENT(.iplt))
 .iplt          0x00000000000152d0        0x0 /home/anshul/aesd/FinalProject_Buildroot_Client/assignment-5-Anshul-99/buildroot/output/host/arm-buildroot-linux-uclibcgnueabihf/sysroot/usr/lib/crt1.o

.text           0x00000000000152d0    0x8c198
 *(SORT_BY_ALIGNMENT(.text.unlikely) SORT_BY_ALIGNMENT(.text.*_unlikely) SORT_BY_ALIGNMENT(.text.unlikely.*))
 *(SORT_BY_ALIGNMENT(.text.exit) SORT_BY_ALIGNMENT(.text.exit.*))
 *(SORT_BY_ALIGNMENT(.text.startup) SORT_BY_ALIGNMENT(.text.startup.*))
 *(SORT_BY_ALIGNMENT(.text.hot) SORT_BY_ALIGNMENT(.text.hot.*))
 *(SORT_BY_NAME(SORT_BY_ALIGNMENT(.text.sorted.*)))
 *(SORT_BY_ALIGNMENT(.text) SORT_BY_ALIGNMENT(.stub) SORT_BY_ALIGNMENT(.text.*) SORT_BY_ALIGNMENT(.gnu.linkonce.t.*))
 .text.identify
                0x00000000000152d0     0x125c miscutils/lib.a(hdparm.o)
 *fill*         0x000000000001652c        0x4 
 .text.ping_main
                0x0000000000016530      0x5fc networking/lib.a(ping.o)
                0x0000000000016530                ping_main
 *fill*         0x0000000000016b2c        0x4 
 .text.cbq_print_opt
                0x0000000000016b30      0x26c networking/lib.a(tc.o)
 *fill*         0x0000000000016d9c        0x4 
 .text.handle_input
                0x0000000000016da0      0x1fc procps/lib.a(top.o)
 *fill*         0x0000000000016f9c        0x4 
 .text.top_main
                0x0000000000016fa0      0x320 procps/lib.a(top.o)
                0x0000000000016fa0                top_main
 .text.showmode
                0x00000000000172c0      0x174 util-linux/lib.a(fbset.o)
 *fill*         0x0000000000017434        0x4 
 .text.get_boot
                0x0000000000017438      0x85c util-linux/lib.a(fdisk.o)
 *fill*         0x0000000000017c94        0x4 
 .text.df_main  0x0000000000017c98      0x39c coreutils/lib.a(df.o)
                0x0000000000017c98                df_main
 *fill*         0x0000000000018034        0x4 
 .text.sleep_main
                0x0000000000018038       0x7c coreutils/lib.a(sleep.o)
                0x0000000000018038                sleep_main
 *fill*         0x00000000000180b4        0x4 
 .text.evaluate
                0x00000000000180b8      0xe38 editors/lib.a(awk.o)
 .text.awk_main
                0x0000000000018ef0      0x488 editors/lib.a(awk.o)
                0x0000000000018ef0                awk_main
 .text.sleep_for_duration
                0x0000000000019378       0x94 libbb/lib.a(duration.o)
                0x0000000000019378                sleep_for_duration
 *fill*         0x000000000001940c        0x4 
 .text          0x0000000000019410       0x40 /home/anshul/aesd/FinalProject_Buildroot_Client/assignment-5-Anshul-99/buildroot/output/host/lib/gcc/arm-buildroot-linux-uclibcgnueabihf/9.4.0/libgcc.a(_fixunsdfdi.o)
                0x0000000000019410                __aeabi_d2ulz
                0x0000000000019410                __fixunsdfdi
 .text          0x0000000000019450       0x3c /home/anshul/aesd/FinalProject_Buildroot_Client/assignment-5-Anshul-99/buildroot/output/host/arm-buildroot-linux-uclibcgnueabihf/sysroot/usr/lib/crt1.o
                0x0000000000019450                _start
 .text          0x000000000001948c       0xdc /home/anshul/aesd/FinalProject_Buildroot_Client/assignment-5-Anshul-99/buildroot/output/host/lib/gcc/arm-buildroot-linux-uclibcgnueabihf/9.4.0/crtbegin.o
 .text.string_array_len
                0x0000000000019568       0x24 libbb/lib.a(appletlib.o)
                0x0000000000019568                string_array_len
 .text.find_applet_by_name
                0x000000000001958c       0xb8 libbb/lib.a(appletlib.o)
                0x000000000001958c                find_applet_by_name
 .text.bb_show_usage
                0x0000000000019644       0xbc libbb/lib.a(appletlib.o)
                0x0000000000019644                bb_show_usage
 .text.find_script_by_name
                0x0000000000019700       0x38 libbb/lib.a(appletlib.o)
 .text.scripted_main
                0x0000000000019738       0x3c libbb/lib.a(appletlib.o)
                0x0000000000019738                scripted_main
 .text.lbb_prepare
                0x0000000000019774       0x28 libbb/lib.a(appletlib.o)
                0x0000000000019774                lbb_prepare
 .text.get_script_content
                0x000000000001979c       0x40 libbb/lib.a(appletlib.o)
                0x000000000001979c                get_script_content
 .text.run_applet_no_and_exit
                0x00000000000197dc      0x120 libbb/lib.a(appletlib.o)
                0x00000000000197dc                run_applet_no_and_exit
 .text.run_applet_and_exit
                0x00000000000198fc      0x3a8 libbb/lib.a(appletlib.o)
 .text.main     0x0000000000019ca4       0x74 libbb/lib.a(appletlib.o)
                0x0000000000019ca4                main
 .text.is_prefixed_with
                0x0000000000019d18       0x24 libbb/lib.a(compare_string_array.o)
                0x0000000000019d18                is_prefixed_with
 .text.is_suffixed_with
                0x0000000000019d3c       0x50 libbb/lib.a(compare_string_array.o)
                0x0000000000019d3c                is_suffixed_with
 .text.index_in_strings
                0x0000000000019d8c       0x54 libbb/lib.a(compare_string_array.o)
                0x0000000000019d8c                index_in_strings
 .text.index_in_substrings
                0x0000000000019de0       0x90 libbb/lib.a(compare_string_array.o)
                0x0000000000019de0                index_in_substrings
 .text.nth_string
                0x0000000000019e70       0x28 libbb/lib.a(compare_string_array.o)
                0x0000000000019e70                nth_string
 .text.concat_path_file
                0x0000000000019e98       0x64 libbb/lib.a(concat_path_file.o)
                0x0000000000019e98                concat_path_file
 .text.bb_basename
                0x0000000000019efc       0x20 libbb/lib.a(get_last_path_component.o)
                0x0000000000019efc                bb_basename
 .text.bb_get_last_path_component_nostrip
                0x0000000000019f1c       0x3c libbb/lib.a(get_last_path_component.o)
                0x0000000000019f1c                bb_get_last_path_component_nostrip
 .text.bb_get_last_path_component_strip
                0x0000000000019f58       0x54 libbb/lib.a(get_last_path_component.o)
                0x0000000000019f58                bb_get_last_path_component_strip
 .text.last_char_is
                0x0000000000019fac       0x40 libbb/lib.a(last_char_is.o)
                0x0000000000019fac                last_char_is
 .text.bb_perror_msg
                0x0000000000019fec       0x4c libbb/lib.a(perror_msg.o)
                0x0000000000019fec                bb_perror_msg
 .text.bb_perror_msg_and_die
                0x000000000001a038       0x40 libbb/lib.a(perror_msg.o)
                0x000000000001a038                bb_perror_msg_and_die
 .text.bb_simple_perror_msg
                0x000000000001a078       0x10 libbb/lib.a(perror_msg.o)
                0x000000000001a078                bb_simple_perror_msg
 .text.bb_simple_perror_msg_and_die
                0x000000000001a088       0x14 libbb/lib.a(perror_msg.o)
                0x000000000001a088                bb_simple_perror_msg_and_die
 .text.bb_verror_msg
                0x000000000001a09c      0x220 libbb/lib.a(verror_msg.o)
                0x000000000001a09c                bb_verror_msg
 .text.bb_error_msg_and_die
                0x000000000001a2bc       0x20 libbb/lib.a(verror_msg.o)
                0x000000000001a2bc                bb_error_msg_and_die
 .text.bb_error_msg
                0x000000000001a2dc       0x2c libbb/lib.a(verror_msg.o)
                0x000000000001a2dc                bb_error_msg
 .text.bb_vinfo_msg
                0x000000000001a308       0x28 libbb/lib.a(verror_msg.o)
                0x000000000001a308                bb_vinfo_msg
 .text.bb_info_msg
                0x000000000001a330       0x28 libbb/lib.a(verror_msg.o)
                0x000000000001a330                bb_info_msg
 .text.bb_simple_info_msg
                0x000000000001a358       0x10 libbb/lib.a(verror_msg.o)
                0x000000000001a358                bb_simple_info_msg
 .text.bb_simple_error_msg
                0x000000000001a368       0x10 libbb/lib.a(verror_msg.o)
                0x000000000001a368                bb_simple_error_msg
 .text.bb_simple_error_msg_and_die
                0x000000000001a378       0x14 libbb/lib.a(verror_msg.o)
                0x000000000001a378                bb_simple_error_msg_and_die
 .text.xfunc_die
                0x000000000001a38c       0x2c libbb/lib.a(xfunc_die.o)
                0x000000000001a38c                xfunc_die
 .text.ndelay_on
                0x000000000001a3b8       0x34 libbb/lib.a(xfuncs.o)
                0x000000000001a3b8                ndelay_on
 .text.ndelay_off
                0x000000000001a3ec       0x34 libbb/lib.a(xfuncs.o)
                0x000000000001a3ec                ndelay_off
 .text.close_on_exec_on
                0x000000000001a420        0xc libbb/lib.a(xfuncs.o)
                0x000000000001a420                close_on_exec_on
 .text.strncpy_IFNAMSIZ
                0x000000000001a42c        0x8 libbb/lib.a(xfuncs.o)
                0x000000000001a42c                strncpy_IFNAMSIZ
 .text.utoa_to_buf
                0x000000000001a434       0x88 libbb/lib.a(xfuncs.o)
                0x000000000001a434                utoa_to_buf
 .text.itoa_to_buf
                0x000000000001a4bc       0x28 libbb/lib.a(xfuncs.o)
                0x000000000001a4bc                itoa_to_buf
 .text.utoa     0x000000000001a4e4       0x28 libbb/lib.a(xfuncs.o)
                0x000000000001a4e4                utoa
 .text.itoa     0x000000000001a50c       0x28 libbb/lib.a(xfuncs.o)
                0x000000000001a50c                itoa
 .text.bin2hex  0x000000000001a534       0x4c libbb/lib.a(xfuncs.o)
                0x000000000001a534                bin2hex
 .text.hex2bin  0x000000000001a580       0xf0 libbb/lib.a(xfuncs.o)
                0x000000000001a580                hex2bin
 .text.bb_putchar_stderr
                0x000000000001a670       0x20 libbb/lib.a(xfuncs.o)
                0x000000000001a670                bb_putchar_stderr
 .text.full_write1_str
                0x000000000001a690       0x24 libbb/lib.a(xfuncs.o)
                0x000000000001a690                full_write1_str
 .text.full_write2_str
                0x000000000001a6b4       0x24 libbb/lib.a(xfuncs.o)
                0x000000000001a6b4                full_write2_str
 .text.get_terminal_width_height
                0x000000000001a6d8      0x134 libbb/lib.a(xfuncs.o)
                0x000000000001a6d8                get_terminal_width_height
 .text.get_terminal_width
                0x000000000001a80c       0x1c libbb/lib.a(xfuncs.o)
                0x000000000001a80c                get_terminal_width
 .text.tcsetattr_stdin_TCSANOW
                0x000000000001a828       0x10 libbb/lib.a(xfuncs.o)
                0x000000000001a828                tcsetattr_stdin_TCSANOW
 .text.get_termios_and_make_raw
                0x000000000001a838       0xb4 libbb/lib.a(xfuncs.o)
                0x000000000001a838                get_termios_and_make_raw
 .text.set_termios_to_raw
                0x000000000001a8ec       0x34 libbb/lib.a(xfuncs.o)
                0x000000000001a8ec                set_termios_to_raw
 .text.safe_waitpid
                0x000000000001a920       0x44 libbb/lib.a(xfuncs.o)
                0x000000000001a920                safe_waitpid
 .text.wait_any_nohang
                0x000000000001a964       0x10 libbb/lib.a(xfuncs.o)
                0x000000000001a964                wait_any_nohang
 .text.wait4pid
                0x000000000001a974       0x54 libbb/lib.a(xfuncs.o)
                0x000000000001a974                wait4pid
 .text.bb_die_memory_exhausted
                0x000000000001a9c8       0x10 libbb/lib.a(xfuncs_printf.o)
                0x000000000001a9c8                bb_die_memory_exhausted
 .text.malloc_or_warn
                0x000000000001a9d8       0x3c libbb/lib.a(xfuncs_printf.o)
                0x000000000001a9d8                malloc_or_warn
 .text.xmalloc  0x000000000001aa14       0x28 libbb/lib.a(xfuncs_printf.o)
                0x000000000001aa14                xmalloc
 .text.xrealloc
                0x000000000001aa3c       0x28 libbb/lib.a(xfuncs_printf.o)
                0x000000000001aa3c                xrealloc
 .text.xzalloc  0x000000000001aa64       0x28 libbb/lib.a(xfuncs_printf.o)
                0x000000000001aa64                xzalloc
 .text.xstrdup  0x000000000001aa8c       0x2c libbb/lib.a(xfuncs_printf.o)
                0x000000000001aa8c                xstrdup
 .text.xstrndup
                0x000000000001aab8       0x14 libbb/lib.a(xfuncs_printf.o)
                0x000000000001aab8                xstrndup
 .text.xmemdup  0x000000000001aacc       0x28 libbb/lib.a(xfuncs_printf.o)
                0x000000000001aacc                xmemdup
 .text.mmap_anon
                0x000000000001aaf4       0x34 libbb/lib.a(xfuncs_printf.o)
                0x000000000001aaf4                mmap_anon
 .text.xmmap_anon
                0x000000000001ab28       0x14 libbb/lib.a(xfuncs_printf.o)
                0x000000000001ab28                xmmap_anon
 .text.xfopen   0x000000000001ab3c       0x24 libbb/lib.a(xfuncs_printf.o)
                0x000000000001ab3c                xfopen
 .text.xopen3   0x000000000001ab60       0x24 libbb/lib.a(xfuncs_printf.o)
                0x000000000001ab60                xopen3
 .text.xopen    0x000000000001ab84        0x8 libbb/lib.a(xfuncs_printf.o)
                0x000000000001ab84                xopen
 .text.open3_or_warn
                0x000000000001ab8c       0x2c libbb/lib.a(xfuncs_printf.o)
                0x000000000001ab8c                open3_or_warn
 .text.open_or_warn
                0x000000000001abb8        0x8 libbb/lib.a(xfuncs_printf.o)
                0x000000000001abb8                open_or_warn
 .text.xopen_nonblocking
                0x000000000001abc0        0x8 libbb/lib.a(xfuncs_printf.o)
                0x000000000001abc0                xopen_nonblocking
 .text.xunlink  0x000000000001abc8       0x2c libbb/lib.a(xfuncs_printf.o)
                0x000000000001abc8                xunlink
 .text.xrename  0x000000000001abf4       0x34 libbb/lib.a(xfuncs_printf.o)
                0x000000000001abf4                xrename
 .text.xpipe    0x000000000001ac28       0x1c libbb/lib.a(xfuncs_printf.o)
                0x000000000001ac28                xpipe
 .text.xdup2    0x000000000001ac44       0x20 libbb/lib.a(xfuncs_printf.o)
                0x000000000001ac44                xdup2
 .text.xmove_fd
                0x000000000001ac64       0x20 libbb/lib.a(xfuncs_printf.o)
                0x000000000001ac64                xmove_fd
 .text.xwrite   0x000000000001ac84       0x38 libbb/lib.a(xfuncs_printf.o)
                0x000000000001ac84                xwrite
 .text.xwrite_str
                0x000000000001acbc       0x2c libbb/lib.a(xfuncs_printf.o)
                0x000000000001acbc                xwrite_str
 .text.xclose   0x000000000001ace8       0x1c libbb/lib.a(xfuncs_printf.o)
                0x000000000001ace8                xclose
 .text.xlseek   0x000000000001ad04       0x4c libbb/lib.a(xfuncs_printf.o)
                0x000000000001ad04                xlseek
 .text.xmkstemp
                0x000000000001ad50       0x2c libbb/lib.a(xfuncs_printf.o)
                0x000000000001ad50                xmkstemp
 .text.die_if_ferror
                0x000000000001ad7c       0x1c libbb/lib.a(xfuncs_printf.o)
                0x000000000001ad7c                die_if_ferror
 .text.die_if_ferror_stdout
                0x000000000001ad98       0x18 libbb/lib.a(xfuncs_printf.o)
                0x000000000001ad98                die_if_ferror_stdout
 .text.fflush_all
                0x000000000001adb0        0x8 libbb/lib.a(xfuncs_printf.o)
                0x000000000001adb0                fflush_all
 .text.bb_putchar
                0x000000000001adb8       0x38 libbb/lib.a(xfuncs_printf.o)
                0x000000000001adb8                bb_putchar
 .text.xasprintf
                0x000000000001adf0       0x3c libbb/lib.a(xfuncs_printf.o)
                0x000000000001adf0                xasprintf
 .text.xsetenv  0x000000000001ae2c       0x18 libbb/lib.a(xfuncs_printf.o)
                0x000000000001ae2c                xsetenv
 .text.bb_unsetenv
                0x000000000001ae44       0x70 libbb/lib.a(xfuncs_printf.o)
                0x000000000001ae44                bb_unsetenv
 .text.bb_unsetenv_and_free
                0x000000000001aeb4       0x18 libbb/lib.a(xfuncs_printf.o)
                0x000000000001aeb4                bb_unsetenv_and_free
 .text.xsetgid  0x000000000001aecc       0x1c libbb/lib.a(xfuncs_printf.o)
                0x000000000001aecc                xsetgid
 .text.xsetuid  0x000000000001aee8       0x1c libbb/lib.a(xfuncs_printf.o)
                0x000000000001aee8                xsetuid
 .text.xsetegid
                0x000000000001af04       0x1c libbb/lib.a(xfuncs_printf.o)
                0x000000000001af04                xsetegid
 .text.xseteuid
                0x000000000001af20       0x1c libbb/lib.a(xfuncs_printf.o)
                0x000000000001af20                xseteuid
 .text.xopen_as_uid_gid
                0x000000000001af3c       0x60 libbb/lib.a(xfuncs_printf.o)
                0x000000000001af3c                xopen_as_uid_gid
 .text.xchdir   0x000000000001af9c       0x2c libbb/lib.a(xfuncs_printf.o)
                0x000000000001af9c                xchdir
 .text.xfchdir  0x000000000001afc8       0x1c libbb/lib.a(xfuncs_printf.o)
                0x000000000001afc8                xfchdir
 .text.xchroot  0x000000000001afe4       0x38 libbb/lib.a(xfuncs_printf.o)
                0x000000000001afe4                xchroot
 .text.warn_opendir
                0x000000000001b01c       0x30 libbb/lib.a(xfuncs_printf.o)
                0x000000000001b01c                warn_opendir
 .text.xopendir
                0x000000000001b04c       0x2c libbb/lib.a(xfuncs_printf.o)
                0x000000000001b04c                xopendir
 .text.xsocket  0x000000000001b078       0x1c libbb/lib.a(xfuncs_printf.o)
                0x000000000001b078                xsocket
 .text.xbind    0x000000000001b094       0x1c libbb/lib.a(xfuncs_printf.o)
                0x000000000001b094                xbind
 .text.xsendto  0x000000000001b0b0       0x30 libbb/lib.a(xfuncs_printf.o)
                0x000000000001b0b0                xsendto
 .text.xstat    0x000000000001b0e0       0x24 libbb/lib.a(xfuncs_printf.o)
                0x000000000001b0e0                xstat
 .text.xfstat   0x000000000001b104       0x1c libbb/lib.a(xfuncs_printf.o)
                0x000000000001b104                xfstat
 .text.ioctl_or_perror_and_die
                0x000000000001b120       0x54 libbb/lib.a(xfuncs_printf.o)
                0x000000000001b120                ioctl_or_perror_and_die
 .text.ioctl_or_perror
                0x000000000001b174       0x54 libbb/lib.a(xfuncs_printf.o)
                0x000000000001b174                ioctl_or_perror
 .text.bb_ioctl_or_warn
                0x000000000001b1c8       0x24 libbb/lib.a(xfuncs_printf.o)
                0x000000000001b1c8                bb_ioctl_or_warn
 .text.bb_xioctl
                0x000000000001b1ec       0x1c libbb/lib.a(xfuncs_printf.o)
                0x000000000001b1ec                bb_xioctl
 .text.xmalloc_ttyname
                0x000000000001b208       0x30 libbb/lib.a(xfuncs_printf.o)
                0x000000000001b208                xmalloc_ttyname
 .text.generate_uuid
                0x000000000001b238       0x8c libbb/lib.a(xfuncs_printf.o)
                0x000000000001b238                generate_uuid
 .text.xfork    0x000000000001b2c4       0x1c libbb/lib.a(xfuncs_printf.o)
                0x000000000001b2c4                xfork
 .text.wait_for_exitstatus
                0x000000000001b2e0       0x30 libbb/lib.a(xfuncs_printf.o)
                0x000000000001b2e0                wait_for_exitstatus
 .text.xsettimeofday
                0x000000000001b310       0x20 libbb/lib.a(xfuncs_printf.o)
                0x000000000001b310                xsettimeofday
 .text.xmalloc_readlink
                0x000000000001b330       0x64 libbb/lib.a(xreadlink.o)
                0x000000000001b330                xmalloc_readlink
 .text.xmalloc_follow_symlinks
                0x000000000001b394       0xb8 libbb/lib.a(xreadlink.o)
                0x000000000001b394                xmalloc_follow_symlinks
 .text.xmalloc_readlink_or_warn
                0x000000000001b44c       0x54 libbb/lib.a(xreadlink.o)
                0x000000000001b44c                xmalloc_readlink_or_warn
 .text.xmalloc_realpath
                0x000000000001b4a0        0x8 libbb/lib.a(xreadlink.o)
                0x000000000001b4a0                xmalloc_realpath
 .text.xmalloc_realpath_coreutils
                0x000000000001b4a8       0xf8 libbb/lib.a(xreadlink.o)
                0x000000000001b4a8                xmalloc_realpath_coreutils
 .text.bb_full_fd_action
                0x000000000001b5a0      0x190 libbb/lib.a(copyfd.o)
 .text.bb_copyfd_size
                0x000000000001b730       0x2c libbb/lib.a(copyfd.o)
                0x000000000001b730                bb_copyfd_size
 .text.bb_copyfd_exact_size
                0x000000000001b75c       0x5c libbb/lib.a(copyfd.o)
                0x000000000001b75c                bb_copyfd_exact_size
 .text.bb_copyfd_eof
                0x000000000001b7b8        0xc libbb/lib.a(copyfd.o)
                0x000000000001b7b8                bb_copyfd_eof
 .text.full_write
                0x000000000001b7c4       0x54 libbb/lib.a(full_write.o)
                0x000000000001b7c4                full_write
 .text.safe_read
                0x000000000001b818       0x4c libbb/lib.a(read.o)
                0x000000000001b818                safe_read
 .text.full_read
                0x000000000001b864       0x58 libbb/lib.a(read.o)
                0x000000000001b864                full_read
 .text.read_close
                0x000000000001b8bc       0x20 libbb/lib.a(read.o)
                0x000000000001b8bc                read_close
 .text.open_read_close
                0x000000000001b8dc       0x38 libbb/lib.a(read.o)
                0x000000000001b8dc                open_read_close
 .text.safe_write
                0x000000000001b914       0x4c libbb/lib.a(safe_write.o)
                0x000000000001b914                safe_write
 .text.record_signo
                0x000000000001b960       0x10 libbb/lib.a(signals.o)
                0x000000000001b960                record_signo
 .text.sigaction_set
                0x000000000001b970        0x8 libbb/lib.a(signals.o)
                0x000000000001b970                sigaction_set
 .text.sigprocmask_allsigs
                0x000000000001b978       0x24 libbb/lib.a(signals.o)
                0x000000000001b978                sigprocmask_allsigs
 .text.sigprocmask2
                0x000000000001b99c        0x8 libbb/lib.a(signals.o)
                0x000000000001b99c                sigprocmask2
 .text.bb_signals
                0x000000000001b9a4       0x40 libbb/lib.a(signals.o)
                0x000000000001b9a4                bb_signals
 .text.bb_signals_recursive_norestart
                0x000000000001b9e4       0x60 libbb/lib.a(signals.o)
                0x000000000001b9e4                bb_signals_recursive_norestart
 .text.sig_unblock
                0x000000000001ba44       0x34 libbb/lib.a(signals.o)
                0x000000000001ba44                sig_unblock
 .text.kill_myself_with_sig
                0x000000000001ba78       0x28 libbb/lib.a(signals.o)
                0x000000000001ba78                kill_myself_with_sig
 .text.signal_SA_RESTART_empty_mask
                0x000000000001baa0       0x2c libbb/lib.a(signals.o)
                0x000000000001baa0                signal_SA_RESTART_empty_mask
 .text.signal_no_SA_RESTART_empty_mask
                0x000000000001bacc       0x38 libbb/lib.a(signals.o)
                0x000000000001bacc                signal_no_SA_RESTART_empty_mask
 .text.get_mono
                0x000000000001bb04       0x24 libbb/lib.a(time.o)
 .text.parse_datestr
                0x000000000001bb28      0x4b0 libbb/lib.a(time.o)
                0x000000000001bb28                parse_datestr
 .text.validate_tm_time
                0x000000000001bfd8       0x28 libbb/lib.a(time.o)
                0x000000000001bfd8                validate_tm_time
 .text.strftime_HHMMSS
                0x000000000001c000       0x48 libbb/lib.a(time.o)
                0x000000000001c000                strftime_HHMMSS
 .text.strftime_YYYYMMDDHHMMSS
                0x000000000001c048       0x48 libbb/lib.a(time.o)
                0x000000000001c048                strftime_YYYYMMDDHHMMSS
 .text.monotonic_us
                0x000000000001c090       0x40 libbb/lib.a(time.o)
                0x000000000001c090                monotonic_us
 .text.monotonic_ms
                0x000000000001c0d0       0x3c libbb/lib.a(time.o)
                0x000000000001c0d0                monotonic_ms
 .text.monotonic_sec
                0x000000000001c10c       0x18 libbb/lib.a(time.o)
                0x000000000001c10c                monotonic_sec
 .text.xrealloc_getcwd_or_warn
                0x000000000001c124       0x7c libbb/lib.a(xgetcwd.o)
                0x000000000001c124                xrealloc_getcwd_or_warn
 .text.handle_errors.isra.0
                0x000000000001c1a0       0x60 libbb/lib.a(bb_strtonum.o)
 .text.bb_strtoull
                0x000000000001c200       0x70 libbb/lib.a(bb_strtonum.o)
                0x000000000001c200                bb_strtoull
 .text.bb_strtoll
                0x000000000001c270       0x7c libbb/lib.a(bb_strtonum.o)
                0x000000000001c270                bb_strtoll
 .text.bb_strtoul
                0x000000000001c2ec       0x6c libbb/lib.a(bb_strtonum.o)
                0x000000000001c2ec                bb_strtoul
 .text.bb_strtol
                0x000000000001c358       0x78 libbb/lib.a(bb_strtonum.o)
                0x000000000001c358                bb_strtol
 .text.addgroup_main
                0x000000000001c3d0      0x174 loginutils/lib.a(addgroup.o)
                0x000000000001c3d0                addgroup_main
 .text.addgroup_wrapper
                0x000000000001c544       0x7c loginutils/lib.a(adduser.o)
 .text.adduser_main
                0x000000000001c5c0      0x410 loginutils/lib.a(adduser.o)
                0x000000000001c5c0                adduser_main
 .text.cryptpw_main
                0x000000000001c9d0      0x11c loginutils/lib.a(cryptpw.o)
                0x000000000001c9d0                cryptpw_main
 .text.deluser_main
                0x000000000001caec      0x19c loginutils/lib.a(deluser.o)
                0x000000000001caec                deluser_main
 .text.sleep10  0x000000000001cc88        0x8 loginutils/lib.a(getty.o)
 .text.bcode    0x000000000001cc90       0x20 loginutils/lib.a(getty.o)
 .text.set_tty_attrs
                0x000000000001ccb0       0x2c loginutils/lib.a(getty.o)
 .text.finalize_tty_attrs
                0x000000000001ccdc       0x78 loginutils/lib.a(getty.o)
 .text.alarm_handler
                0x000000000001cd54       0x10 loginutils/lib.a(getty.o)
 .text.getty_main
                0x000000000001cd64      0x788 loginutils/lib.a(getty.o)
                0x000000000001cd64                getty_main
 .text.alarm_handler
                0x000000000001d4ec       0x3c loginutils/lib.a(login.o)
 .text.login_main
                0x000000000001d528      0x46c loginutils/lib.a(login.o)
                0x000000000001d528                login_main
 .text.passwd_main
                0x000000000001d994      0x450 loginutils/lib.a(passwd.o)
                0x000000000001d994                passwd_main
 .text.su_main  0x000000000001dde4      0x24c loginutils/lib.a(su.o)
                0x000000000001dde4                su_main
 .text.sulogin_main
                0x000000000001e030      0x13c loginutils/lib.a(sulogin.o)
                0x000000000001e030                sulogin_main
 .text.acquire_vt
                0x000000000001e16c       0x10 loginutils/lib.a(vlock.o)
 .text.release_vt
                0x000000000001e17c       0x20 loginutils/lib.a(vlock.o)
 .text.vlock_main
                0x000000000001e19c      0x1ac loginutils/lib.a(vlock.o)
                0x000000000001e19c                vlock_main
 .text.bc_vec_pop
                0x000000000001e348       0x28 miscutils/lib.a(bc.o)
 .text.bc_vec_npop
                0x000000000001e370       0x50 miscutils/lib.a(bc.o)
 .text.bc_vec_pop_all
                0x000000000001e3c0        0x8 miscutils/lib.a(bc.o)
 .text.bc_vec_item_rev
                0x000000000001e3c8       0x1c miscutils/lib.a(bc.o)
 .text.bc_vec_top
                0x000000000001e3e4       0x18 miscutils/lib.a(bc.o)
 .text.xc_program_func
                0x000000000001e3fc       0x1c miscutils/lib.a(bc.o)
 .text.bc_program_current_func
                0x000000000001e418       0x24 miscutils/lib.a(bc.o)
 .text.xc_program_str
                0x000000000001e43c       0x50 miscutils/lib.a(bc.o)
 .text.bc_num_one
                0x000000000001e48c       0x20 miscutils/lib.a(bc.o)
 .text.bc_num_subArrays
                0x000000000001e4ac       0x5c miscutils/lib.a(bc.o)
 .text.BC_NUM_MREQ
                0x000000000001e508       0x38 miscutils/lib.a(bc.o)
 .text.bc_num_cmp
                0x000000000001e540      0x13c miscutils/lib.a(bc.o)
 .text.bc_num_clean
                0x000000000001e67c       0x40 miscutils/lib.a(bc.o)
 .text.xc_lex_lineComment
                0x000000000001e6bc       0x34 miscutils/lib.a(bc.o)
 .text.xc_lex_whitespace
                0x000000000001e6f0       0x40 miscutils/lib.a(bc.o)
 .text.parse_lex_by_checking_eq_sign
                0x000000000001e730       0x30 miscutils/lib.a(bc.o)
 .text.xc_program_reset
                0x000000000001e760       0x44 miscutils/lib.a(bc.o)
 .text.bc_parse_inst_isLeaf
                0x000000000001e7a4       0x1c miscutils/lib.a(bc.o)
 .text.rewrite_label_to_current
                0x000000000001e7c0       0x28 miscutils/lib.a(bc.o)
 .text.xc_program_index
                0x000000000001e7e8       0x58 miscutils/lib.a(bc.o)
 .text.bc_vec_init
                0x000000000001e840       0x2c miscutils/lib.a(bc.o)
 .text.bc_char_vec_init
                0x000000000001e86c        0xc miscutils/lib.a(bc.o)
 .text.bc_func_init
                0x000000000001e878       0x60 miscutils/lib.a(bc.o)
 .text.bc_num_init
                0x000000000001e8d8       0x38 miscutils/lib.a(bc.o)
 .text.bc_num_init_DEF_SIZE
                0x000000000001e910        0x8 miscutils/lib.a(bc.o)
 .text.xc_parse_create
                0x000000000001e918       0x70 miscutils/lib.a(bc.o)
 .text.bc_num_free
                0x000000000001e988        0x8 miscutils/lib.a(bc.o)
 .text.bc_result_free
                0x000000000001e990       0x2c miscutils/lib.a(bc.o)
 .text.bc_string_free
                0x000000000001e9bc        0x8 miscutils/lib.a(bc.o)
 .text.bc_vec_free
                0x000000000001e9c4       0x18 miscutils/lib.a(bc.o)
 .text.bc_func_free
                0x000000000001e9dc       0x30 miscutils/lib.a(bc.o)
 .text.xc_parse_free
                0x000000000001ea0c       0x34 miscutils/lib.a(bc.o)
 .text.bc_id_free
                0x000000000001ea40        0x8 miscutils/lib.a(bc.o)
 .text.bc_map_find_ge
                0x000000000001ea48       0x5c miscutils/lib.a(bc.o)
 .text.bc_num_truncate
                0x000000000001eaa4       0x34 miscutils/lib.a(bc.o)
 .text.bc_result_pop_and_push
                0x000000000001ead8       0x54 miscutils/lib.a(bc.o)
 .text.xc_program_binOpRetire
                0x000000000001eb2c       0x30 miscutils/lib.a(bc.o)
 .text.bc_vec_grow
                0x000000000001eb5c       0x44 miscutils/lib.a(bc.o)
 .text.bc_vec_npush
                0x000000000001eba0       0x4c miscutils/lib.a(bc.o)
 .text.bc_vec_push
                0x000000000001ebec        0xc miscutils/lib.a(bc.o)
 .text.xc_program_add_fn
                0x000000000001ebf8       0x30 miscutils/lib.a(bc.o)
 .text.bc_vec_pushZeroByte
                0x000000000001ec28        0xc miscutils/lib.a(bc.o)
 .text.bc_array_expand
                0x000000000001ec34       0x74 miscutils/lib.a(bc.o)
 .text.bc_array_init
                0x000000000001eca8       0x34 miscutils/lib.a(bc.o)
 .text.bc_vec_expand
                0x000000000001ecdc       0x34 miscutils/lib.a(bc.o)
 .text.bc_num_expand
                0x000000000001ed10       0x38 miscutils/lib.a(bc.o)
 .text.bc_num_ulong2num
                0x000000000001ed48       0x68 miscutils/lib.a(bc.o)
 .text.bc_num_extend
                0x000000000001edb0       0x64 miscutils/lib.a(bc.o)
 .text.zbc_num_shift
                0x000000000001ee14       0x58 miscutils/lib.a(bc.o)
 .text.bc_num_retireMul
                0x000000000001ee6c       0x4c miscutils/lib.a(bc.o)
 .text.bc_args  0x000000000001eeb8       0xb8 miscutils/lib.a(bc.o)
 .text.bc_verror_msg
                0x000000000001ef70       0x78 miscutils/lib.a(bc.o)
 .text.zbc_posix_error_fmt
                0x000000000001efe8       0x6c miscutils/lib.a(bc.o)
 .text.bc_error_fmt
                0x000000000001f054       0x48 miscutils/lib.a(bc.o)
 .text.bc_error
                0x000000000001f09c       0x10 miscutils/lib.a(bc.o)
 .text.zbc_func_insert
                0x000000000001f0ac       0x80 miscutils/lib.a(bc.o)
 .text.bc_error_variable_is_wrong_type
                0x000000000001f12c        0xc miscutils/lib.a(bc.o)
 .text.zbc_num_ulong_abs
                0x000000000001f138       0x58 miscutils/lib.a(bc.o)
 .text.zbc_num_ulong
                0x000000000001f190       0x1c miscutils/lib.a(bc.o)
 .text.bc_error_stack_has_too_few_elements
                0x000000000001f1ac        0xc miscutils/lib.a(bc.o)
 .text.bad_input_byte
                0x000000000001f1b8       0x58 miscutils/lib.a(bc.o)
 .text.bc_error_bad_character
                0x000000000001f210       0x20 miscutils/lib.a(bc.o)
 .text.xc_program_name
                0x000000000001f230       0x30 miscutils/lib.a(bc.o)
 .text.xc_parse_pushName
                0x000000000001f260       0x4c miscutils/lib.a(bc.o)
 .text.bc_vec_string
                0x000000000001f2ac       0x40 miscutils/lib.a(bc.o)
 .text.xc_lex_name
                0x000000000001f2ec       0x7c miscutils/lib.a(bc.o)
 .text.zbc_num_binary
                0x000000000001f368      0x100 miscutils/lib.a(bc.o)
 .text.zbc_num_mul
                0x000000000001f468       0x40 miscutils/lib.a(bc.o)
 .text.zbc_num_sub
                0x000000000001f4a8       0x6c miscutils/lib.a(bc.o)
 .text.zbc_num_div
                0x000000000001f514       0x40 miscutils/lib.a(bc.o)
 .text.zbc_num_mod
                0x000000000001f554       0x40 miscutils/lib.a(bc.o)
 .text.zbc_num_pow
                0x000000000001f594       0x30 miscutils/lib.a(bc.o)
 .text.bc_num_copy
                0x000000000001f5c4       0x44 miscutils/lib.a(bc.o)
 .text.zbc_num_a
                0x000000000001f608      0x1c0 miscutils/lib.a(bc.o)
 .text.zbc_num_s
                0x000000000001f7c8      0x124 miscutils/lib.a(bc.o)
 .text.bc_num_split
                0x000000000001f8ec       0x88 miscutils/lib.a(bc.o)
 .text.fflush_and_check
                0x000000000001f974       0x44 miscutils/lib.a(bc.o)
 .text.quit     0x000000000001f9b8       0x38 miscutils/lib.a(bc.o)
 .text.bc_error_at
                0x000000000001f9f0       0x68 miscutils/lib.a(bc.o)
 .text.bc_error_bad_expression
                0x000000000001fa58        0xc miscutils/lib.a(bc.o)
 .text.bc_error_bad_token
                0x000000000001fa64        0xc miscutils/lib.a(bc.o)
 .text.bc_num_printNewline
                0x000000000001fa70       0x40 miscutils/lib.a(bc.o)
 .text.bc_num_printHex
                0x000000000001fab0       0x5c miscutils/lib.a(bc.o)
 .text.bc_num_printDigits
                0x000000000001fb0c       0xb4 miscutils/lib.a(bc.o)
 .text.dc_num_printChar
                0x000000000001fbc0       0x2c miscutils/lib.a(bc.o)
 .text.xc_program_dereference.isra.0
                0x000000000001fbec       0x5c miscutils/lib.a(bc.o)
 .text.zbc_num_p
                0x000000000001fc48      0x2ac miscutils/lib.a(bc.o)
 .text.zbc_num_add
                0x000000000001fef4       0x6c miscutils/lib.a(bc.o)
 .text.zbc_num_k
                0x000000000001ff60      0x3b8 miscutils/lib.a(bc.o)
 .text.zbc_num_m
                0x0000000000020318      0x144 miscutils/lib.a(bc.o)
 .text.zbc_num_d
                0x000000000002045c      0x2a8 miscutils/lib.a(bc.o)
 .text.zbc_num_r
                0x0000000000020704      0x110 miscutils/lib.a(bc.o)
 .text.zbc_num_rem
                0x0000000000020814       0x74 miscutils/lib.a(bc.o)
 .text.zbc_num_divmod
                0x0000000000020888       0xc0 miscutils/lib.a(bc.o)
 .text.zxc_num_printNum
                0x0000000000020948      0x23c miscutils/lib.a(bc.o)
 .text.bc_map_insert
                0x0000000000020b84       0xb4 miscutils/lib.a(bc.o)
 .text.bc_program_addFunc
                0x0000000000020c38       0x88 miscutils/lib.a(bc.o)
 .text.xc_vm_init
                0x0000000000020cc0      0x2a4 miscutils/lib.a(bc.o)
 .text.xc_program_search
                0x0000000000020f64       0xa8 miscutils/lib.a(bc.o)
 .text.xc_program_pushVar
                0x000000000002100c       0xdc miscutils/lib.a(bc.o)
 .text.zxc_program_num
                0x00000000000210e8      0x4f0 miscutils/lib.a(bc.o)
 .text.zxc_program_binOpPrep
                0x00000000000215d8      0x140 miscutils/lib.a(bc.o)
 .text.zxc_program_prep
                0x0000000000021718       0x80 miscutils/lib.a(bc.o)
 .text.xc_program_print
                0x0000000000021798      0x388 miscutils/lib.a(bc.o)
 .text.zxc_program_assign
                0x0000000000021b20      0x210 miscutils/lib.a(bc.o)
 .text.bc_map_find_exact
                0x0000000000021d30       0x4c miscutils/lib.a(bc.o)
 .text.xc_read_line
                0x0000000000021d7c      0x1d0 miscutils/lib.a(bc.o)
 .text.peek_inbuf
                0x0000000000021f4c       0x54 miscutils/lib.a(bc.o)
 .text.eat_inbuf
                0x0000000000021fa0       0x2c miscutils/lib.a(bc.o)
 .text.zxc_lex_number
                0x0000000000021fcc      0x13c miscutils/lib.a(bc.o)
 .text.xc_parse_push
                0x0000000000022108       0x28 miscutils/lib.a(bc.o)
 .text.bc_parse_operator
                0x0000000000022130       0xcc miscutils/lib.a(bc.o)
 .text.bc_vec_pushIndex
                0x00000000000221fc       0x70 miscutils/lib.a(bc.o)
 .text.xc_parse_pushInst_and_Index
                0x000000000002226c       0x2c miscutils/lib.a(bc.o)
 .text.xc_parse_pushNUM
                0x0000000000022298       0x58 miscutils/lib.a(bc.o)
 .text.zxc_program_popResultAndCopyToVar
                0x00000000000222f0      0x284 miscutils/lib.a(bc.o)
 .text.zxc_lex_next
                0x0000000000022574      0x89c miscutils/lib.a(bc.o)
 .text.zxc_parse_text_init
                0x0000000000022e10       0x38 miscutils/lib.a(bc.o)
 .text.zbc_parse_pushSTR
                0x0000000000022e48       0x48 miscutils/lib.a(bc.o)
 .text.zdc_parse_register
                0x0000000000022e90       0x40 miscutils/lib.a(bc.o)
 .text.zdc_parse_mem
                0x0000000000022ed0       0x54 miscutils/lib.a(bc.o)
 .text.zdc_parse_expr
                0x0000000000022f24      0x290 miscutils/lib.a(bc.o)
 .text.zdc_parse_exprs_until_eof
                0x00000000000231b4       0x2c miscutils/lib.a(bc.o)
 .text.zbc_parse_expr
                0x00000000000231e0      0x878 miscutils/lib.a(bc.o)
 .text.zbc_parse_name
                0x0000000000023a58      0x1d0 miscutils/lib.a(bc.o)
 .text.zbc_parse_stmt_possibly_auto
                0x0000000000023c28      0x778 miscutils/lib.a(bc.o)
 .text.zbc_parse_stmt_allow_NLINE_before
                0x00000000000243a0       0x68 miscutils/lib.a(bc.o)
 .text.zxc_vm_process
                0x0000000000024408     0x1b40 miscutils/lib.a(bc.o)
 .text.zxc_vm_execute_FILE
                0x0000000000025f48       0x58 miscutils/lib.a(bc.o)
 .text.zxc_vm_exec
                0x0000000000025fa0       0xc8 miscutils/lib.a(bc.o)
 .text.bc_main  0x0000000000026068       0x70 miscutils/lib.a(bc.o)
                0x0000000000026068                bc_main
 .text.dc_main  0x00000000000260d8      0x134 miscutils/lib.a(bc.o)
                0x00000000000260d8                dc_main
 .text.log8     0x000000000002620c       0x3c miscutils/lib.a(crond.o)
 .text.reopen_logfile_to_stderr
                0x0000000000026248       0x34 miscutils/lib.a(crond.o)
 .text.delete_cronfile
                0x000000000002627c       0xa8 miscutils/lib.a(crond.o)
 .text.ParseField
                0x0000000000026324      0x210 miscutils/lib.a(crond.o)
 .text.safe_setenv
                0x0000000000026534       0x3c miscutils/lib.a(crond.o)
 .text.log7.constprop.0
                0x0000000000026570       0x40 miscutils/lib.a(crond.o)
 .text.log5     0x00000000000265b0       0x3c miscutils/lib.a(crond.o)
 .text.load_crontab
                0x00000000000265ec      0x3b0 miscutils/lib.a(crond.o)
 .text.rescan_crontab_dir
                0x000000000002699c       0xb0 miscutils/lib.a(crond.o)
 .text.start_one_job
                0x0000000000026a4c      0x174 miscutils/lib.a(crond.o)
 .text.start_jobs
                0x0000000000026bc0       0x98 miscutils/lib.a(crond.o)
 .text.crond_main
                0x0000000000026c58      0x3ec miscutils/lib.a(crond.o)
                0x0000000000026c58                crond_main
 .text.edit_file
                0x0000000000027044       0x9c miscutils/lib.a(crontab.o)
 .text.crontab_main
                0x00000000000270e0      0x2b4 miscutils/lib.a(crontab.o)
                0x00000000000270e0                crontab_main
 .text.devmem_main
                0x0000000000027394      0x20c miscutils/lib.a(devmem.o)
                0x0000000000027394                devmem_main
 .text.parse_opts
                0x00000000000275a0       0x34 miscutils/lib.a(hdparm.o)
 .text.parse_opts_0_1
                0x00000000000275d4        0xc miscutils/lib.a(hdparm.o)
 .text.parse_opts_0_INTMAX
                0x00000000000275e0        0xc miscutils/lib.a(hdparm.o)
 .text.translate_xfermode
                0x00000000000275ec       0x88 miscutils/lib.a(hdparm.o)
 .text.read_big_block
                0x0000000000027674       0x38 miscutils/lib.a(hdparm.o)
 .text.xprint_ascii
                0x00000000000276ac       0x88 miscutils/lib.a(hdparm.o)
 .text.mode_loop
                0x0000000000027734       0x90 miscutils/lib.a(hdparm.o)
 .text.print_value_on_off
                0x00000000000277c4       0x3c miscutils/lib.a(hdparm.o)
 .text.identify_from_stdin
                0x0000000000027800       0x94 miscutils/lib.a(hdparm.o)
 .text.dump_identity
                0x0000000000027894      0x4a8 miscutils/lib.a(hdparm.o)
 .text.seek_to_zero
                0x0000000000027d3c       0x24 miscutils/lib.a(hdparm.o)
 .text.flush_buffer_cache
                0x0000000000027d60       0x68 miscutils/lib.a(hdparm.o)
 .text.do_time  0x0000000000027dc8      0x1ec miscutils/lib.a(hdparm.o)
 .text.ioctl_alt_func.constprop.0
                0x0000000000027fb4       0x50 miscutils/lib.a(hdparm.o)
 .text.print_flag_on_off.constprop.0
                0x0000000000028004       0x3c miscutils/lib.a(hdparm.o)
 .text.process_dev
                0x0000000000028040      0xbe8 miscutils/lib.a(hdparm.o)
 .text.hdparm_main
                0x0000000000028c28      0x3fc miscutils/lib.a(hdparm.o)
                0x0000000000028c28                hdparm_main
 .text.format_line
                0x0000000000029024      0x138 miscutils/lib.a(hexedit.o)
 .text.redraw_cur_line
                0x000000000002915c       0x6c miscutils/lib.a(hexedit.o)
 .text.redraw   0x00000000000291c8       0xe8 miscutils/lib.a(hexedit.o)
 .text.restore_term
                0x00000000000292b0       0x2c miscutils/lib.a(hexedit.o)
 .text.sig_catcher
                0x00000000000292dc       0x3c miscutils/lib.a(hexedit.o)
 .text.remap    0x0000000000029318       0xb4 miscutils/lib.a(hexedit.o)
 .text.move_mapping_further
                0x00000000000293cc       0x88 miscutils/lib.a(hexedit.o)
 .text.move_mapping_lower
                0x0000000000029454       0x78 miscutils/lib.a(hexedit.o)
 .text.hexedit_main
                0x00000000000294cc      0x620 miscutils/lib.a(hexedit.o)
                0x00000000000294cc                hexedit_main
 .text.i2c_bus_lookup
                0x0000000000029aec       0x14 miscutils/lib.a(i2c_tools.o)
 .text.i2c_dev_open
                0x0000000000029b00       0x6c miscutils/lib.a(i2c_tools.o)
 .text.get_funcs_matrix
                0x0000000000029b6c       0x14 miscutils/lib.a(i2c_tools.o)
 .text.i2c_set_slave_addr
                0x0000000000029b80       0x34 miscutils/lib.a(i2c_tools.o)
 .text.check_funcs_test_end
                0x0000000000029bb4       0x3c miscutils/lib.a(i2c_tools.o)
 .text.check_read_funcs
                0x0000000000029bf0       0xe8 miscutils/lib.a(i2c_tools.o)
 .text.confirm_or_abort
                0x0000000000029cd8       0x34 miscutils/lib.a(i2c_tools.o)
 .text.confirm_action
                0x0000000000029d0c       0x84 miscutils/lib.a(i2c_tools.o)
 .text.i2c_smbus_access
                0x0000000000029d90       0x2c miscutils/lib.a(i2c_tools.o)
 .text.i2c_smbus_read_byte
                0x0000000000029dbc       0x30 miscutils/lib.a(i2c_tools.o)
 .text.i2c_smbus_read_word_data
                0x0000000000029dec       0x30 miscutils/lib.a(i2c_tools.o)
 .text.i2c_smbus_read_byte_data
                0x0000000000029e1c       0x30 miscutils/lib.a(i2c_tools.o)
 .text.list_i2c_busses_and_exit
                0x0000000000029e4c      0x22c miscutils/lib.a(i2c_tools.o)
 .text.i2cget_main
                0x000000000002a078      0x200 miscutils/lib.a(i2c_tools.o)
                0x000000000002a078                i2cget_main
 .text.i2cset_main
                0x000000000002a278      0x5c4 miscutils/lib.a(i2c_tools.o)
                0x000000000002a278                i2cset_main
 .text.i2cdump_main
                0x000000000002a83c      0x6e8 miscutils/lib.a(i2c_tools.o)
                0x000000000002a83c                i2cdump_main
 .text.i2cdetect_main
                0x000000000002af24      0x33c miscutils/lib.a(i2c_tools.o)
                0x000000000002af24                i2cdetect_main
 .text.i2ctransfer_main
                0x000000000002b260      0x374 miscutils/lib.a(i2c_tools.o)
                0x000000000002b260                i2ctransfer_main
 .text.at_end   0x000000000002b5d4       0x78 miscutils/lib.a(less.o)
 .text.safe_lineno
                0x000000000002b64c       0x34 miscutils/lib.a(less.o)
 .text.opp_bracket
                0x000000000002b680       0x6c miscutils/lib.a(less.o)
 .text.set_tty_cooked
                0x000000000002b6ec       0x28 miscutils/lib.a(less.o)
 .text.clear_line
                0x000000000002b714       0x20 miscutils/lib.a(less.o)
 .text.less_exit
                0x000000000002b734       0x48 miscutils/lib.a(less.o)
 .text.sig_catcher
                0x000000000002b77c        0xc miscutils/lib.a(less.o)
 .text.print_statusline
                0x000000000002b788       0x38 miscutils/lib.a(less.o)
 .text.fill_match_lines
                0x000000000002b7c0       0xa4 miscutils/lib.a(less.o)
 .text.read_lines
                0x000000000002b864      0x35c miscutils/lib.a(less.o)
 .text.goto_lineno
                0x000000000002bbc0       0xa0 miscutils/lib.a(less.o)
 .text.cap_cur_fline
                0x000000000002bc60       0x94 miscutils/lib.a(less.o)
 .text.update_num_lines
                0x000000000002bcf4      0x100 miscutils/lib.a(less.o)
 .text.m_status_print
                0x000000000002bdf4      0x148 miscutils/lib.a(less.o)
 .text.status_print
                0x000000000002bf3c       0xa0 miscutils/lib.a(less.o)
 .text.buffer_print
                0x000000000002bfdc      0x36c miscutils/lib.a(less.o)
 .text.buffer_fill_and_print
                0x000000000002c348       0xdc miscutils/lib.a(less.o)
 .text.reinitialize
                0x000000000002c424       0xc4 miscutils/lib.a(less.o)
 .text.change_file
                0x000000000002c4e8       0x88 miscutils/lib.a(less.o)
 .text.buffer_down
                0x000000000002c570       0x54 miscutils/lib.a(less.o)
 .text.buffer_up
                0x000000000002c5c4       0x58 miscutils/lib.a(less.o)
 .text.buffer_to_line
                0x000000000002c61c       0x50 miscutils/lib.a(less.o)
 .text.goto_match
                0x000000000002c66c       0x80 miscutils/lib.a(less.o)
 .text.getch_nowait
                0x000000000002c6ec      0x110 miscutils/lib.a(less.o)
 .text.less_getch
                0x000000000002c7fc       0x50 miscutils/lib.a(less.o)
 .text.less_gets
                0x000000000002c84c       0xd4 miscutils/lib.a(less.o)
 .text.examine_file
                0x000000000002c920       0x8c miscutils/lib.a(less.o)
 .text.regex_process
                0x000000000002c9ac      0x128 miscutils/lib.a(less.o)
 .text.less_main
                0x000000000002cad4      0x98c miscutils/lib.a(less.o)
                0x000000000002cad4                less_main
 .text.get_line
                0x000000000002d460       0x40 miscutils/lib.a(lsscsi.o)
 .text.lsscsi_main
                0x000000000002d4a0      0x180 miscutils/lib.a(lsscsi.o)
                0x000000000002d4a0                lsscsi_main
 .text.makedevs_main
                0x000000000002d620      0x428 miscutils/lib.a(makedevs.o)
                0x000000000002d620                makedevs_main
 .text.microcom_main
                0x000000000002da48      0x2fc miscutils/lib.a(microcom.o)
                0x000000000002da48                microcom_main
 .text.mt_main  0x000000000002dd44      0x130 miscutils/lib.a(mt.o)
                0x000000000002dd44                mt_main
 .text.partprobe_main
                0x000000000002de74       0x78 miscutils/lib.a(partprobe.o)
                0x000000000002de74                partprobe_main
 .text.runlevel_main
                0x000000000002deec       0x84 miscutils/lib.a(runlevel.o)
                0x000000000002deec                runlevel_main
 .text.setfattr_main
                0x000000000002df70       0xf4 miscutils/lib.a(setfattr.o)
                0x000000000002df70                setfattr_main
 .text.index_in_strings_case_insensitive
                0x000000000002e064       0x54 miscutils/lib.a(setserial.o)
 .text.get_numeric
                0x000000000002e0b8        0xc miscutils/lib.a(setserial.o)
 .text.serial_ctl
                0x000000000002e0c4       0xb0 miscutils/lib.a(setserial.o)
 .text.setserial_main
                0x000000000002e174      0x5e0 miscutils/lib.a(setserial.o)
                0x000000000002e174                setserial_main
 .text.strings_main
                0x000000000002e754      0x220 miscutils/lib.a(strings.o)
                0x000000000002e754                strings_main
 .text.ptok     0x000000000002e974       0x18 miscutils/lib.a(time.o)
 .text.run_command
                0x000000000002e98c       0xec miscutils/lib.a(time.o)
 .text.time_main
                0x000000000002ea78      0x5bc miscutils/lib.a(time.o)
                0x000000000002ea78                time_main
 .text.ts_main  0x000000000002f034      0x1a4 miscutils/lib.a(ts.o)
                0x000000000002f034                ts_main
 .text.ubirename_main
                0x000000000002f1d8      0x100 miscutils/lib.a(ubirename.o)
                0x000000000002f1d8                ubirename_main
 .text.shutdown_watchdog
                0x000000000002f2d8       0x24 miscutils/lib.a(watchdog.o)
 .text.shutdown_on_signal
                0x000000000002f2fc       0x10 miscutils/lib.a(watchdog.o)
 .text.watchdog_main
                0x000000000002f30c      0x144 miscutils/lib.a(watchdog.o)
                0x000000000002f30c                watchdog_main
 .text.insmod_main
                0x000000000002f450       0x58 modutils/lib.a(insmod.o)
                0x000000000002f450                insmod_main
 .text.lsmod_main
                0x000000000002f4a8      0x10c modutils/lib.a(lsmod.o)
                0x000000000002f4a8                lsmod_main
 .text.read_config
                0x000000000002f5b4       0x24 modutils/lib.a(modprobe.o)
 .text.gather_options_str
                0x000000000002f5d8       0x64 modutils/lib.a(modprobe.o)
 .text.load_modules_dep
                0x000000000002f63c      0x12c modutils/lib.a(modprobe.o)
 .text.get_or_add_modentry
                0x000000000002f768       0x18 modutils/lib.a(modprobe.o)
 .text.add_probe
                0x000000000002f780       0x80 modutils/lib.a(modprobe.o)
 .text.config_file_action
                0x000000000002f800      0x1f0 modutils/lib.a(modprobe.o)
 .text.do_modprobe
                0x000000000002f9f0      0x320 modutils/lib.a(modprobe.o)
 .text.modprobe_main
                0x000000000002fd10      0x370 modutils/lib.a(modprobe.o)
                0x000000000002fd10                modprobe_main
 .text.replace  0x0000000000030080       0x1c modutils/lib.a(modutils.o)
                0x0000000000030080                replace
 .text.string_to_llist
                0x000000000003009c       0x60 modutils/lib.a(modutils.o)
                0x000000000003009c                string_to_llist
 .text.filename2modname
                0x00000000000300fc       0x70 modutils/lib.a(modutils.o)
                0x00000000000300fc                filename2modname
 .text.helper_get_module
                0x000000000003016c       0xa0 modutils/lib.a(modutils.o)
 .text.moddb_get
                0x000000000003020c        0x8 modutils/lib.a(modutils.o)
                0x000000000003020c                moddb_get
 .text.moddb_get_or_create
                0x0000000000030214        0x8 modutils/lib.a(modutils.o)
                0x0000000000030214                moddb_get_or_create
 .text.parse_cmdline_module_options
                0x000000000003021c       0xc4 modutils/lib.a(modutils.o)
                0x000000000003021c                parse_cmdline_module_options
 .text.bb_init_module
                0x00000000000302e0       0xc4 modutils/lib.a(modutils.o)
                0x00000000000302e0                bb_init_module
 .text.bb_delete_module
                0x00000000000303a4       0x30 modutils/lib.a(modutils.o)
                0x00000000000303a4                bb_delete_module
 .text.moderror
                0x00000000000303d4       0x98 modutils/lib.a(modutils.o)
                0x00000000000303d4                moderror
 .text.rmmod_main
                0x000000000003046c       0xc8 modutils/lib.a(rmmod.o)
                0x000000000003046c                rmmod_main
 .text.arp_show
                0x0000000000030534      0x2c8 networking/lib.a(arp.o)
 .text.arp_main
                0x00000000000307fc      0x5ec networking/lib.a(arp.o)
                0x00000000000307fc                arp_main
 .text.finish   0x0000000000030de8       0x84 networking/lib.a(arping.o)
 .text.catcher  0x0000000000030e6c      0x16c networking/lib.a(arping.o)
 .text.arping_main
                0x0000000000030fd8      0x704 networking/lib.a(arping.o)
                0x0000000000030fd8                arping_main
 .text.undot    0x00000000000316dc       0x40 networking/lib.a(dnsd.o)
 .text.dnsd_main
                0x000000000003171c      0x574 networking/lib.a(dnsd.o)
                0x000000000003171c                dnsd_main
 .text.ether_wake_main
                0x0000000000031c90      0x29c networking/lib.a(ether-wake.o)
                0x0000000000031c90                ether_wake_main
 .text.do_sethostname
                0x0000000000031f2c       0x8c networking/lib.a(hostname.o)
 .text.hostname_main
                0x0000000000031fb8      0x164 networking/lib.a(hostname.o)
                0x0000000000031fb8                hostname_main
 .text.ifconfig_main
                0x000000000003211c      0x490 networking/lib.a(ifconfig.o)
                0x000000000003211c                ifconfig_main
 .text.manual_up_down6
                0x00000000000325ac        0x8 networking/lib.a(ifupdown.o)
 .text.check    0x00000000000325b4        0xc networking/lib.a(ifupdown.o)
 .text.doit     0x00000000000325c0       0xb0 networking/lib.a(ifupdown.o)
 .text.setlocalenv
                0x0000000000032670       0x74 networking/lib.a(ifupdown.o)
 .text.set_environ
                0x00000000000326e4      0x170 networking/lib.a(ifupdown.o)
 .text.execute_all
                0x0000000000032854       0x7c networking/lib.a(ifupdown.o)
 .text.iface_down
                0x00000000000328d0       0xb0 networking/lib.a(ifupdown.o)
 .text.iface_up
                0x0000000000032980       0xb0 networking/lib.a(ifupdown.o)
 .text.find_iface_state
                0x0000000000032a30       0x44 networking/lib.a(ifupdown.o)
 .text.next_word
                0x0000000000032a74       0x5c networking/lib.a(ifupdown.o)
 .text.strncmpz
                0x0000000000032ad0       0x20 networking/lib.a(ifupdown.o)
 .text.get_var  0x0000000000032af0       0x94 networking/lib.a(ifupdown.o)
 .text.addstr   0x0000000000032b84       0x58 networking/lib.a(ifupdown.o)
 .text.execute  0x0000000000032bdc      0x2d0 networking/lib.a(ifupdown.o)
 .text.loopback_down6
                0x0000000000032eac       0x14 networking/lib.a(ifupdown.o)
 .text.loopback_up6
                0x0000000000032ec0       0x4c networking/lib.a(ifupdown.o)
 .text.static_up6
                0x0000000000032f0c       0x64 networking/lib.a(ifupdown.o)
 .text.v4tunnel_down
                0x0000000000032f70       0x14 networking/lib.a(ifupdown.o)
 .text.v4tunnel_up
                0x0000000000032f84       0x7c networking/lib.a(ifupdown.o)
 .text.loopback_down
                0x0000000000033000       0x4c networking/lib.a(ifupdown.o)
 .text.loopback_up
                0x000000000003304c       0x4c networking/lib.a(ifupdown.o)
 .text.dhcp_up  0x0000000000033098       0x4c networking/lib.a(ifupdown.o)
 .text.bootp_up
                0x00000000000330e4       0x14 networking/lib.a(ifupdown.o)
 .text.static_up
                0x00000000000330f8       0x64 networking/lib.a(ifupdown.o)
 .text.ppp_down
                0x000000000003315c       0x14 networking/lib.a(ifupdown.o)
 .text.ppp_up   0x0000000000033170       0x14 networking/lib.a(ifupdown.o)
 .text.wvdial_down
                0x0000000000033184       0x14 networking/lib.a(ifupdown.o)
 .text.wvdial_up
                0x0000000000033198       0x14 networking/lib.a(ifupdown.o)
 .text.static_down6
                0x00000000000331ac       0x44 networking/lib.a(ifupdown.o)
 .text.static_down
                0x00000000000331f0       0x6c networking/lib.a(ifupdown.o)
 .text.dhcp_down
                0x000000000003325c       0x4c networking/lib.a(ifupdown.o)
 .text.popen2   0x00000000000332a8       0xb4 networking/lib.a(ifupdown.o)
 .text.read_iface_state
                0x000000000003335c       0x68 networking/lib.a(ifupdown.o)
 .text.read_interfaces
                0x00000000000333c4      0x5c0 networking/lib.a(ifupdown.o)
 .text.manual_up_down
                0x0000000000033984        0x8 networking/lib.a(ifupdown.o)
 .text.link_up_down
                0x000000000003398c        0x8 networking/lib.a(ifupdown.o)
 .text.ifupdown_main
                0x0000000000033994      0x568 networking/lib.a(ifupdown.o)
                0x0000000000033994                ifupdown_main
 .text.remove_fd_from_set
                0x0000000000033efc       0x44 networking/lib.a(inetd.o)
 .text.init_ring
                0x0000000000033f40       0x34 networking/lib.a(inetd.o)
 .text.discard_dg
                0x0000000000033f74       0x14 networking/lib.a(inetd.o)
 .text.maybe_close
                0x0000000000033f88        0xc networking/lib.a(inetd.o)
 .text.free_servtab_strings
                0x0000000000033f94       0x5c networking/lib.a(inetd.o)
 .text.bump_nofile
                0x0000000000033ff0       0xc0 networking/lib.a(inetd.o)
 .text.add_fd_to_set
                0x00000000000340b0       0x7c networking/lib.a(inetd.o)
 .text.clean_up_and_exit
                0x000000000003412c       0x48 networking/lib.a(inetd.o)
 .text.reap_child
                0x0000000000034174       0xb8 networking/lib.a(inetd.o)
 .text.daytime_dg
                0x000000000003422c       0xa8 networking/lib.a(inetd.o)
 .text.daytime_stream
                0x00000000000342d4       0x34 networking/lib.a(inetd.o)
 .text.machtime_dg
                0x0000000000034308       0x9c networking/lib.a(inetd.o)
 .text.discard_stream
                0x00000000000343a4       0x2c networking/lib.a(inetd.o)
 .text.echo_stream
                0x00000000000343d0       0x38 networking/lib.a(inetd.o)
 .text.echo_dg  0x0000000000034408       0x8c networking/lib.a(inetd.o)
 .text.xzalloc_lsa
                0x0000000000034494       0x34 networking/lib.a(inetd.o)
 .text.block_CHLD_HUP_ALRM
                0x00000000000344c8       0x44 networking/lib.a(inetd.o)
 .text.rearm_alarm
                0x000000000003450c       0x30 networking/lib.a(inetd.o)
 .text.prepare_socket_fd
                0x000000000003453c       0xb8 networking/lib.a(inetd.o)
 .text.retry_network_setup
                0x00000000000345f4       0x60 networking/lib.a(inetd.o)
 .text.restore_sigmask
                0x0000000000034654       0x10 networking/lib.a(inetd.o)
 .text.chargen_dg
                0x0000000000034664      0x100 networking/lib.a(inetd.o)
 .text.chargen_stream
                0x0000000000034764       0x9c networking/lib.a(inetd.o)
 .text.machtime_stream
                0x0000000000034800       0x44 networking/lib.a(inetd.o)
 .text.parse_one_line
                0x0000000000034844      0x4ac networking/lib.a(inetd.o)
 .text.reread_config_file
                0x0000000000034cf0      0x3fc networking/lib.a(inetd.o)
 .text.inetd_main
                0x00000000000350ec      0x918 networking/lib.a(inetd.o)
                0x00000000000350ec                inetd_main
 .text.UNSPEC_print
                0x0000000000035a04       0x54 networking/lib.a(interface.o)
 .text.UNSPEC_sprint
                0x0000000000035a58       0x2c networking/lib.a(interface.o)
 .text.INET6_input
                0x0000000000035a84        0x4 networking/lib.a(interface.o)
 .text.INET6_sprint
                0x0000000000035a88       0x34 networking/lib.a(interface.o)
 .text.INET_input
                0x0000000000035abc        0x8 networking/lib.a(interface.o)
 .text.INET_sprint
                0x0000000000035ac4       0x38 networking/lib.a(interface.o)
 .text.ether_print
                0x0000000000035afc       0x40 networking/lib.a(interface.o)
 .text.add_interface
                0x0000000000035b3c       0x8c networking/lib.a(interface.o)
 .text.if_readlist_proc
                0x0000000000035bc8      0x214 networking/lib.a(interface.o)
 .text.print_bytes_scaled
                0x0000000000035ddc       0x90 networking/lib.a(interface.o)
 .text.in_ib    0x0000000000035e6c       0x28 networking/lib.a(interface.o)
                0x0000000000035e6c                in_ib
 .text.get_aftype
                0x0000000000035e94       0x38 networking/lib.a(interface.o)
                0x0000000000035e94                get_aftype
 .text.get_hwtype
                0x0000000000035ecc       0x38 networking/lib.a(interface.o)
                0x0000000000035ecc                get_hwtype
 .text.get_hwntype
                0x0000000000035f04       0x28 networking/lib.a(interface.o)
                0x0000000000035f04                get_hwntype